******************************************************************************
                  TI ARM Linker PC v16.9.6                     
******************************************************************************
>> Linked Sun Feb 18 11:18:26 2018

OUTPUT FILE NAME:   <Cap_SetTime.out>
ENTRY POINT SYMBOL: "_c_int00"  address: 00004cb5


MEMORY CONFIGURATION

         name            origin    length      used     unused   attr    fill
----------------------  --------  ---------  --------  --------  ----  --------
  MAIN                  00000000   00040000  000083e0  00037c20  R  X
  INFO                  00200000   00004000  00000000  00004000  R  X
  SRAM_CODE             01000000   00010000  00000000  00010000  RW X
  SRAM_DATA             20000000   00010000  000003b6  0000fc4a  RW  


SEGMENT ALLOCATION MAP

run origin  load origin   length   init length attrs members
----------  ----------- ---------- ----------- ----- -------
00000000    00000000    000083e0   000083e0    r-x
  00000000    00000000    000000e4   000000e4    r-- .intvecs
  000000e4    000000e4    000050bc   000050bc    r-x .text
  000051a0    000051a0    00003178   00003178    r-- .const
  00008318    00008318    000000c8   000000c8    r-- .cinit
20000000    20000000    000001b8   00000000    rw-
  20000000    20000000    00000142   00000000    rw- .data
  20000144    20000144    00000074   00000000    rw- .bss
2000fe00    2000fe00    00000200   00000000    rw-
  2000fe00    2000fe00    00000200   00000000    rw- .stack


SECTION ALLOCATION MAP

 output                                  attributes/
section   page    origin      length       input sections
--------  ----  ----------  ----------   ----------------
.intvecs   0    00000000    000000e4     
                  00000000    000000e4     startup_msp432p401r_ccs.obj (.intvecs:retain)

.text      0    000000e4    000050bc     
                  000000e4    00001420     ST7735.obj (.text)
                  00001504    0000113e     rtsv7M4_T_le_v4SPD16_eabi.lib : _printfi.obj (.text)
                  00002642    00000002                                   : mpu_init.obj (.text)
                  00002644    00000a9c     CTS_Layer.obj (.text)
                  000030e0    00000404     LCD.obj (.text)
                  000034e4    000003fc     main.obj (.text)
                  000038e0    00000328     system_msp432p401r.obj (.text)
                  00003c08    00000200     CTS_HAL.obj (.text)
                  00003e08    000001f4     rtsv7M4_T_le_v4SPD16_eabi.lib : ull_div_t2.obj (.text)
                  00003ffc    000001b6                                   : fd_add_t2.obj (.text)
                  000041b2    00000136                                   : fd_div_t2.obj (.text)
                  000042e8    00000104     msp432p4xx_driverlib.lib : cs.o (.text:CS_getDCOFrequency)
                  000043ec    000000fc     rtsv7M4_T_le_v4SPD16_eabi.lib : fd_mul_t2.obj (.text)
                  000044e8    000000fc                                   : s_scalbn.obj (.text)
                  000045e4    000000cc     clockConfig.obj (.text)
                  000046b0    0000009c     msp432p4xx_driverlib.lib : cs.o (.text:CS_startHFXTWithTimeout)
                  0000474c    0000009c                              : cs.o (.text:CS_startLFXTWithTimeout)
                  000047e8    0000009c                              : cs.o (.text:_CSComputeCLKFrequency)
                  00004884    0000009c     rtsv7M4_T_le_v4SPD16_eabi.lib : memcpy_t2.obj (.text)
                  00004920    00000086                                   : fd_cmp_t2.obj (.text:__aeabi_cdcmple)
                  000049a6    00000086                                   : fd_cmp_t2.obj (.text:__aeabi_cdrcmple)
                  00004a2c    0000007a                                   : memset_t2.obj (.text)
                  00004aa6    00000002                                   : startup.obj (.text)
                  00004aa8    00000070     msp432p4xx_driverlib.lib : cs.o (.text:_CSGetHFXTFrequency)
                  00004b18    00000070     rtsv7M4_T_le_v4SPD16_eabi.lib : autoinit.obj (.text)
                  00004b88    00000068                                   : copy_decompress_lzss.obj (.text:decompress:lzss)
                  00004bf0    00000064                                   : s_frexp.obj (.text)
                  00004c54    00000060                                   : sprintf.obj (.text)
                  00004cb4    00000054                                   : boot.obj (.text)
                  00004d08    00000054                                   : exit.obj (.text)
                  00004d5c    00000054                                   : ltoa.obj (.text)
                  00004db0    00000050     msp432p4xx_driverlib.lib : sysctl.o (.text:SysCtl_getTLVInfo)
                  00004e00    00000050     sysTick.obj (.text)
                  00004e50    0000004c     msp432p4xx_driverlib.lib : cs.o (.text:_CSGetDOCFrequency)
                  00004e9c    0000004c     rtsv7M4_T_le_v4SPD16_eabi.lib : atoi.obj (.text)
                  00004ee8    0000004c                                   : cpy_tbl.obj (.text)
                  00004f34    00000048     msp432p4xx_driverlib.lib : cs.o (.text:_CSGetDividerValue)
                  00004f7c    00000048     rtsv7M4_T_le_v4SPD16_eabi.lib : fd_toi_t2.obj (.text)
                  00004fc4    00000038                                   : fs_tod_t2.obj (.text)
                  00004ffc    0000002e                                   : i_tofd_t2.obj (.text)
                  0000502a    00000002     --HOLE-- [fill = 0]
                  0000502c    00000024     msp432p4xx_driverlib.lib : cs.o (.text:CS_clearInterruptFlag)
                  00005050    0000001c     rtsv7M4_T_le_v4SPD16_eabi.lib : memccpy.obj (.text)
                  0000506c    00000018     msp432p4xx_driverlib.lib : cs.o (.text:CS_getMCLK)
                  00005084    00000018                              : cs.o (.text:CS_getSMCLK)
                  0000509c    00000018     rtsv7M4_T_le_v4SPD16_eabi.lib : args_main.obj (.text)
                  000050b4    00000016                                   : strchr.obj (.text)
                  000050ca    00000002     --HOLE-- [fill = 0]
                  000050cc    00000014     msp432p4xx_driverlib.lib : cs.o (.text:CS_setExternalClockSourceFrequency)
                  000050e0    00000014     rtsv7M4_T_le_v4SPD16_eabi.lib : _lock.obj (.text)
                  000050f4    00000014                                   : s_copysign.obj (.text)
                  00005108    00000014                                   : strlen.obj (.text)
                  0000511c    00000010     msp432p4xx_driverlib.lib : rtc_c.o (.text:RTC_C_convertBCDToBinary)
                  0000512c    00000010                              : rtc_c.o (.text:RTC_C_convertBinaryToBCD)
                  0000513c    00000010                              : sysctl.o (.text:SysCtl_disableNMISource)
                  0000514c    00000010                              : sysctl.o (.text:SysCtl_enableNMISource)
                  0000515c    0000000e     rtsv7M4_T_le_v4SPD16_eabi.lib : copy_decompress_none.obj (.text:decompress:none)
                  0000516a    0000000e     startup_msp432p401r_ccs.obj (.text)
                  00005178    0000000c     msp432p4xx_driverlib.lib : sysctl.o (.text:SysCtl_getNMISourceStatus)
                  00005184    0000000c     rtsv7M4_T_le_v4SPD16_eabi.lib : copy_zero_init.obj (.text:decompress:ZI)
                  00005190    00000006     msp432p4xx_driverlib.lib : cs.o (.text:CS_startHFXT)
                  00005196    00000006                              : cs.o (.text:CS_startLFXT)
                  0000519c    00000004     rtsv7M4_T_le_v4SPD16_eabi.lib : pre_init.obj (.text)

.const     0    000051a0    00003178     
                  000051a0    00000800     LCD.obj (.const:dark)
                  000059a0    00000800     LCD.obj (.const:overcast)
                  000061a0    00000800     LCD.obj (.const:partlySunny)
                  000069a0    00000800     LCD.obj (.const:sunny)
                  000071a0    00000800     LCD.obj (.const:twilight)
                  000079a0    000004fb     ST7735.obj (.const:.string:Font)
                  00007e9b    00000200     ST7735.obj (.const:.string:dBfs)
                  0000809b    00000101     rtsv7M4_T_le_v4SPD16_eabi.lib : ctype.obj (.const:.string:_ctypes_)
                  0000819c    00000067     ST7735.obj (.const:.string:Bcmd)
                  00008203    0000003b     ST7735.obj (.const:.string:Rcmd1)
                  0000823e    00000002     --HOLE-- [fill = 0]
                  00008240    0000002e     main.obj (.const:.string)
                  0000826e    0000002b     ST7735.obj (.const:.string:Rcmd3)
                  00008299    00000003     --HOLE-- [fill = 0]
                  0000829c    0000002a     LCD.obj (.const:.string)
                  000082c6    00000002     --HOLE-- [fill = 0]
                  000082c8    00000024     structure.obj (.const:my_keys)
                  000082ec    0000000d     ST7735.obj (.const:.string:Rcmd2green)
                  000082f9    0000000d     ST7735.obj (.const:.string:Rcmd2red)
                  00008306    00000006     structure.obj (.const:down_element)
                  0000830c    00000006     structure.obj (.const:select_element)
                  00008312    00000006     structure.obj (.const:up_element)

.cinit     0    00008318    000000c8     
                  00008318    000000a3     (.cinit..data.load) [load image, compression = lzss]
                  000083bb    00000001     --HOLE-- [fill = 0]
                  000083bc    0000000c     (__TI_handler_table)
                  000083c8    00000008     (.cinit..bss.load) [load image, compression = zero_init]
                  000083d0    00000010     (__TI_cinit_table)

.init_array 
*          0    00000000    00000000     UNINITIALIZED

.data      0    20000000    00000142     UNINITIALIZED
                  20000000    00000078     LCD.obj (.data:light_status_items)
                  20000078    00000030     main.obj (.data:setup_steps)
                  200000a8    0000001c     main.obj (.data:currentTime)
                  200000c4    00000018     LCD.obj (.data:inside)
                  200000dc    00000018     LCD.obj (.data:outside)
                  200000f4    00000014     ST7735.obj (.data)
                  20000108    00000010     main.obj (.data)
                  20000118    0000000c     rtsv7M4_T_le_v4SPD16_eabi.lib : exit.obj (.data:$O1$$)
                  20000124    00000008                                   : _lock.obj (.data:$O1$$)
                  2000012c    00000007     LCD.obj (.data)
                  20000133    00000001     --HOLE--
                  20000134    00000004     rtsv7M4_T_le_v4SPD16_eabi.lib : errno.obj (.data)
                  20000138    00000004                                   : stkdepth_vars.obj (.data)
                  2000013c    00000004     system_msp432p401r.obj (.data)
                  20000140    00000002     CTS_Layer.obj (.data)

.bss       0    20000144    00000074     UNINITIALIZED
                  20000144    0000001c     (.common:newtime)
                  20000160    0000000c     (.common:Message)
                  2000016c    0000000c     (.common:baseCnt)
                  20000178    00000008     (.common:delta_count)
                  20000180    00000008     (.common:measCnt)
                  20000188    00000008     (.common:raw_count)
                  20000190    00000004     ST7735.obj (.bss)
                  20000194    00000004     (.common:MCLKfreq)
                  20000198    00000004     (.common:Messageindex)
                  2000019c    00000004     (.common:SMCLKfreq)
                  200001a0    00000004     (.common:X)
                  200001a4    00000004     (.common:Ymax)
                  200001a8    00000004     (.common:Ymin)
                  200001ac    00000004     (.common:Yrange)
                  200001b0    00000004     (.common:hfxtFreq)
                  200001b4    00000004     (.common:lfxtFreq)

.stack     0    2000fe00    00000200     UNINITIALIZED
                  2000fe00    00000200     --HOLE--

MODULE SUMMARY

       Module                        code    ro data   rw data
       ------                        ----    -------   -------
    .\
       LCD.obj                       1028    10282     175    
       ST7735.obj                    5152    2018      56     
       CTS_Layer.obj                 2716    0         22     
       main.obj                      1020    46        136    
       system_msp432p401r.obj        808     0         4      
       CTS_HAL.obj                   512     0         0      
       startup_msp432p401r_ccs.obj   14      228       0      
       clockConfig.obj               204     0         8      
       sysTick.obj                   80      0         0      
       structure.obj                 0       54        0      
    +--+-----------------------------+-------+---------+---------+
       Total:                        11534   12628     401    
                                                              
    C:/ti/msp/MSP432Ware_3_50_00_02/driverlib/driverlib/MSP432P4xx/ccs/msp432p4xx_driverlib.lib
       cs.o                          1104    0         8      
       sysctl.o                      124     0         0      
       rtc_c.o                       32      0         0      
    +--+-----------------------------+-------+---------+---------+
       Total:                        1260    0         8      
                                                              
    C:\ti\ccsv7\tools\compiler\ti-cgt-arm_16.9.6.LTS\lib\rtsv7M4_T_le_v4SPD16_eabi.lib
       _printfi.obj                  4414    0         0      
       ull_div_t2.obj                500     0         0      
       fd_add_t2.obj                 438     0         0      
       fd_div_t2.obj                 310     0         0      
       fd_cmp_t2.obj                 268     0         0      
       ctype.obj                     0       257       0      
       fd_mul_t2.obj                 252     0         0      
       s_scalbn.obj                  252     0         0      
       memcpy_t2.obj                 156     0         0      
       memset_t2.obj                 122     0         0      
       autoinit.obj                  112     0         0      
       copy_decompress_lzss.obj      104     0         0      
       s_frexp.obj                   100     0         0      
       exit.obj                      84      0         12     
       sprintf.obj                   96      0         0      
       boot.obj                      84      0         0      
       ltoa.obj                      84      0         0      
       atoi.obj                      76      0         0      
       cpy_tbl.obj                   76      0         0      
       fd_toi_t2.obj                 72      0         0      
       fs_tod_t2.obj                 56      0         0      
       i_tofd_t2.obj                 46      0         0      
       _lock.obj                     20      0         8      
       memccpy.obj                   28      0         0      
       args_main.obj                 24      0         0      
       strchr.obj                    22      0         0      
       s_copysign.obj                20      0         0      
       strlen.obj                    20      0         0      
       copy_decompress_none.obj      14      0         0      
       copy_zero_init.obj            12      0         0      
       errno.obj                     0       0         4      
       pre_init.obj                  4       0         0      
       stkdepth_vars.obj             0       0         4      
       mpu_init.obj                  2       0         0      
       startup.obj                   2       0         0      
    +--+-----------------------------+-------+---------+---------+
       Total:                        7870    257       28     
                                                              
       Stack:                        0       0         512    
       Linker Generated:             0       199       0      
    +--+-----------------------------+-------+---------+---------+
       Grand Total:                  20664   13084     949    


LINKER GENERATED COPY TABLES

__TI_cinit_table @ 000083d0 records: 2, size/record: 8, table size: 16
	.data: load addr=00008318, load size=000000a3 bytes, run addr=20000000, run size=00000142 bytes, compression=lzss
	.bss: load addr=000083c8, load size=00000008 bytes, run addr=20000144, run size=00000074 bytes, compression=zero_init


LINKER GENERATED HANDLER TABLE

__TI_handler_table @ 000083bc records: 3, size/record: 4, table size: 12
	index: 0, handler: __TI_decompress_lzss
	index: 1, handler: __TI_decompress_none
	index: 2, handler: __TI_zero_init


GLOBAL SYMBOLS: SORTED ALPHABETICALLY BY Name 

address   name                              
-------   ----                              
00005177  ADC14_IRQHandler                  
00005177  AES256_IRQHandler                 
00005177  BusFault_Handler                  
00004d09  C$$EXIT                           
00005177  COMP_E0_IRQHandler                
00005177  COMP_E1_IRQHandler                
00005177  CS_IRQHandler                     
0000502d  CS_clearInterruptFlag             
000042e9  CS_getDCOFrequency                
0000506d  CS_getMCLK                        
00005085  CS_getSMCLK                       
000050cd  CS_setExternalClockSourceFrequency
00005191  CS_startHFXT                      
000046b1  CS_startHFXTWithTimeout           
00005197  CS_startLFXT                      
0000474d  CS_startLFXTWithTimeout           
00005177  DMA_ERR_IRQHandler                
00005177  DMA_INT0_IRQHandler               
00005177  DMA_INT1_IRQHandler               
00005177  DMA_INT2_IRQHandler               
00005177  DMA_INT3_IRQHandler               
00005177  DebugMon_Handler                  
00005177  Default_Handler                   
0000015b  Delay1ms                          
00002fd5  Dominant_Element                  
00005177  EUSCIA0_IRQHandler                
00005177  EUSCIA1_IRQHandler                
00005177  EUSCIA2_IRQHandler                
00005177  EUSCIA3_IRQHandler                
00005177  EUSCIB0_IRQHandler                
00005177  EUSCIB1_IRQHandler                
00005177  EUSCIB2_IRQHandler                
00005177  EUSCIB3_IRQHandler                
00005177  FLCTL_IRQHandler                  
00005177  FPU_IRQHandler                    
00005177  HardFault_Handler                 
20000132  LCD_Rotation                      
0000312f  LCD_init                          
20000194  MCLKfreq                          
00005177  MemManage_Handler                 
20000160  Message                           
20000198  Messageindex                      
00005177  NMI_Handler                       
000014a3  Output_Clear                      
000014bd  Output_Color                      
00001493  Output_Init                       
000014ad  Output_Off                        
000014b5  Output_On                         
00005177  PCM_IRQHandler                    
00005177  PORT1_IRQHandler                  
00005177  PORT2_IRQHandler                  
00005177  PORT3_IRQHandler                  
00005177  PORT4_IRQHandler                  
00005177  PORT5_IRQHandler                  
00005177  PORT6_IRQHandler                  
00005177  PSS_IRQHandler                    
00005177  PendSV_Handler                    
00003845  RTC_C_IRQHandler                  
00003845  RTC_C_IRQHandler                  
0000511d  RTC_C_convertBCDToBinary          
0000512d  RTC_C_convertBinaryToBCD          
0000516b  Reset_Handler                     
2000010c  SET_TIME                          
UNDEFED   SHT$$INIT_ARRAY$$Base             
UNDEFED   SHT$$INIT_ARRAY$$Limit            
2000019c  SMCLKfreq                         
0000073d  ST7735_Color565                   
000007a1  ST7735_DrawBitmap                 
00000b15  ST7735_DrawChar                   
0000099f  ST7735_DrawCharS                  
00000535  ST7735_DrawFastHLine              
00000477  ST7735_DrawFastVLine              
0000041d  ST7735_DrawPixel                  
00000c87  ST7735_DrawString                 
00000d0d  ST7735_DrawString2                
00000631  ST7735_FillRect                   
000005ed  ST7735_FillScreen                 
000002e9  ST7735_InitB                      
00000309  ST7735_InitR                      
00000f3b  ST7735_InvertDisplay              
00001379  ST7735_OutChar                    
00001435  ST7735_OutString                  
00000dfd  ST7735_OutUDec                    
00001285  ST7735_PlotBar                    
00000f53  ST7735_PlotClear                  
00001075  ST7735_PlotLine                   
00001325  ST7735_PlotNext                   
0000133f  ST7735_PlotNextErase              
00000faf  ST7735_PlotPoint                  
000011af  ST7735_PlotPoints                 
000012db  ST7735_PlotdBfs                   
00000dcf  ST7735_SetCursor                  
00000e71  ST7735_SetRotation                
00001453  ST7735_SetTextColor               
00000771  ST7735_SwapColor                  
00005177  SVC_Handler                       
200000fc  StTextColor                       
200000f4  StX                               
200000f8  StY                               
0000513d  SysCtl_disableNMISource           
0000514d  SysCtl_enableNMISource            
00005179  SysCtl_getNMISourceStatus         
00004db1  SysCtl_getTLVInfo                 
00005177  SysTick_Handler                   
00004e1d  SysTick_delay                     
2000013c  SystemCoreClock                   
000038e1  SystemCoreClockUpdate             
00003b55  SystemInit                        
00005177  T32_INT1_IRQHandler               
00005177  T32_INT2_IRQHandler               
00005177  T32_INTC_IRQHandler               
00005177  TA0_0_IRQHandler                  
00005177  TA0_N_IRQHandler                  
00005177  TA1_0_IRQHandler                  
00005177  TA1_N_IRQHandler                  
00005177  TA2_0_IRQHandler                  
00005177  TA2_N_IRQHandler                  
00005177  TA3_0_IRQHandler                  
00005177  TA3_N_IRQHandler                  
00002ce5  TI_CAPT_Button                    
00002d0b  TI_CAPT_Buttons                   
00002755  TI_CAPT_Custom                    
0000265d  TI_CAPT_Init_Baseline             
00002645  TI_CAPT_Raw                       
000026f9  TI_CAPT_Reset_Tracking            
00002673  TI_CAPT_Update_Baseline           
00002701  TI_CAPT_Update_Tracking_DOI       
00002729  TI_CAPT_Update_Tracking_Rate      
00002d57  TI_CAPT_Wheel                     
00003ca3  TI_CTS_RO_CTIO_TA2_WDTA_HAL       
00005177  UsageFault_Handler                
4000480c  WDTCTL_SYM                        
00003ddd  WDT_A_IRQHandler                  
00003ddd  WDT_A_IRQHandler                  
200001a0  X                                 
200001a4  Ymax                              
200001a8  Ymin                              
200001ac  Yrange                            
20010000  __STACK_END                       
00000200  __STACK_SIZE                      
000083d0  __TI_CINIT_Base                   
000083e0  __TI_CINIT_Limit                  
000083bc  __TI_Handler_Table_Base           
000083c8  __TI_Handler_Table_Limit          
00004b19  __TI_auto_init                    
20000118  __TI_cleanup_ptr                  
00004b89  __TI_decompress_lzss              
0000515d  __TI_decompress_none              
2000011c  __TI_dtors_ptr                    
20000120  __TI_enable_exit_profile_output   
ffffffff  __TI_pprof_out_hndl               
00001d49  __TI_printfi                      
ffffffff  __TI_prof_data_size               
ffffffff  __TI_prof_data_start              
00000000  __TI_static_base__                
00005185  __TI_zero_init                    
00004921  __aeabi_cdcmpeq                   
00004921  __aeabi_cdcmple                   
000049a7  __aeabi_cdrcmple                  
00004f7d  __aeabi_d2iz                      
00004007  __aeabi_dadd                      
000041b3  __aeabi_ddiv                      
000043ed  __aeabi_dmul                      
00003ffd  __aeabi_dsub                      
00004fc5  __aeabi_f2d                       
00004ffd  __aeabi_i2d                       
00004a2d  __aeabi_memclr                    
00004a2d  __aeabi_memclr4                   
00004a2d  __aeabi_memclr8                   
00004885  __aeabi_memcpy                    
00004885  __aeabi_memcpy4                   
00004885  __aeabi_memcpy8                   
00004a2f  __aeabi_memset                    
00004a2f  __aeabi_memset4                   
00004a2f  __aeabi_memset8                   
00003e09  __aeabi_uldivmod                  
ffffffff  __binit__                         
ffffffff  __c_args__                        
00002643  __mpu_init                        
2000fe00  __stack                           
0000509d  _args_main                        
00004cb5  _c_int00                          
0000809b  _ctypes_                          
20000124  _lock                             
000050ef  _nop                              
000050e7  _register_lock                    
000050e1  _register_unlock                  
00004aa7  _system_post_cinit                
0000519d  _system_pre_init                  
20000128  _unlock                           
00004d0d  abort                             
00004e9d  atoi                              
2000016c  baseCnt                           
ffffffff  binit                             
0000462b  clockInit48MHzXTL                 
000045f1  clockStartUp                      
00004ee9  copy_in                           
000050f5  copysign                          
000050f5  copysignl                         
00003225  create_data_display               
20000140  ctsStatusReg                      
200000a8  currentTime                       
20000108  current_Stage                     
00007e9b  dBfs                              
000051a0  dark                              
20000178  delta_count                       
00008306  down_element                      
20000134  errno                             
00004d15  exit                              
00001485  ferror                            
00001479  fgetc                             
00000d8d  fillmessage                       
00001467  fputc                             
00004bf1  frexp                             
00004bf1  frexpl                            
000045e5  getMCLKfreq                       
000045eb  getSMCLKfreq                      
2000012c  grid_color                        
20000130  highlight_text_color              
200000c4  inside                            
00000000  interruptVectors                  
20000104  lastj                             
000044e9  ldexp                             
000044e9  ldexpl                            
20000000  light_status_items                
00004d5d  ltoa                              
000034e5  main                              
20000138  main_func_sp                      
20000180  measCnt                           
00005051  memccpy                           
00004885  memcpy                            
00004a35  memset                            
2000012e  menu_text_color                   
000082c8  my_keys                           
20000144  newtime                           
00003141  num_to_enum                       
000030e1  num_to_menu_item                  
200000dc  outside                           
000059a0  overcast                          
0000014d  parrotdelay                       
000061a0  partlySunny                       
0000318f  print_current_status_pic          
20000188  raw_count                         
20000114  reset_time                        
000044e9  scalbn                            
000044e9  scalbnl                           
0000830c  select_element                    
20000078  setup_steps                       
00004c55  sprintf                           
000050b5  strchr                            
00005109  strlen                            
000069a0  sunny                             
00004e01  sysTickInit                       
000071a0  twilight                          
00008312  up_element                        
000032d1  updateDataDisplay                 
00003219  updateForecast                    
000033d1  updateTimeDisplay                 
20000110  value                             


GLOBAL SYMBOLS: SORTED BY Symbol Address 

address   name                              
-------   ----                              
00000000  __TI_static_base__                
00000000  interruptVectors                  
0000014d  parrotdelay                       
0000015b  Delay1ms                          
00000200  __STACK_SIZE                      
000002e9  ST7735_InitB                      
00000309  ST7735_InitR                      
0000041d  ST7735_DrawPixel                  
00000477  ST7735_DrawFastVLine              
00000535  ST7735_DrawFastHLine              
000005ed  ST7735_FillScreen                 
00000631  ST7735_FillRect                   
0000073d  ST7735_Color565                   
00000771  ST7735_SwapColor                  
000007a1  ST7735_DrawBitmap                 
0000099f  ST7735_DrawCharS                  
00000b15  ST7735_DrawChar                   
00000c87  ST7735_DrawString                 
00000d0d  ST7735_DrawString2                
00000d8d  fillmessage                       
00000dcf  ST7735_SetCursor                  
00000dfd  ST7735_OutUDec                    
00000e71  ST7735_SetRotation                
00000f3b  ST7735_InvertDisplay              
00000f53  ST7735_PlotClear                  
00000faf  ST7735_PlotPoint                  
00001075  ST7735_PlotLine                   
000011af  ST7735_PlotPoints                 
00001285  ST7735_PlotBar                    
000012db  ST7735_PlotdBfs                   
00001325  ST7735_PlotNext                   
0000133f  ST7735_PlotNextErase              
00001379  ST7735_OutChar                    
00001435  ST7735_OutString                  
00001453  ST7735_SetTextColor               
00001467  fputc                             
00001479  fgetc                             
00001485  ferror                            
00001493  Output_Init                       
000014a3  Output_Clear                      
000014ad  Output_Off                        
000014b5  Output_On                         
000014bd  Output_Color                      
00001d49  __TI_printfi                      
00002643  __mpu_init                        
00002645  TI_CAPT_Raw                       
0000265d  TI_CAPT_Init_Baseline             
00002673  TI_CAPT_Update_Baseline           
000026f9  TI_CAPT_Reset_Tracking            
00002701  TI_CAPT_Update_Tracking_DOI       
00002729  TI_CAPT_Update_Tracking_Rate      
00002755  TI_CAPT_Custom                    
00002ce5  TI_CAPT_Button                    
00002d0b  TI_CAPT_Buttons                   
00002d57  TI_CAPT_Wheel                     
00002fd5  Dominant_Element                  
000030e1  num_to_menu_item                  
0000312f  LCD_init                          
00003141  num_to_enum                       
0000318f  print_current_status_pic          
00003219  updateForecast                    
00003225  create_data_display               
000032d1  updateDataDisplay                 
000033d1  updateTimeDisplay                 
000034e5  main                              
00003845  RTC_C_IRQHandler                  
00003845  RTC_C_IRQHandler                  
000038e1  SystemCoreClockUpdate             
00003b55  SystemInit                        
00003ca3  TI_CTS_RO_CTIO_TA2_WDTA_HAL       
00003ddd  WDT_A_IRQHandler                  
00003ddd  WDT_A_IRQHandler                  
00003e09  __aeabi_uldivmod                  
00003ffd  __aeabi_dsub                      
00004007  __aeabi_dadd                      
000041b3  __aeabi_ddiv                      
000042e9  CS_getDCOFrequency                
000043ed  __aeabi_dmul                      
000044e9  ldexp                             
000044e9  ldexpl                            
000044e9  scalbn                            
000044e9  scalbnl                           
000045e5  getMCLKfreq                       
000045eb  getSMCLKfreq                      
000045f1  clockStartUp                      
0000462b  clockInit48MHzXTL                 
000046b1  CS_startHFXTWithTimeout           
0000474d  CS_startLFXTWithTimeout           
00004885  __aeabi_memcpy                    
00004885  __aeabi_memcpy4                   
00004885  __aeabi_memcpy8                   
00004885  memcpy                            
00004921  __aeabi_cdcmpeq                   
00004921  __aeabi_cdcmple                   
000049a7  __aeabi_cdrcmple                  
00004a2d  __aeabi_memclr                    
00004a2d  __aeabi_memclr4                   
00004a2d  __aeabi_memclr8                   
00004a2f  __aeabi_memset                    
00004a2f  __aeabi_memset4                   
00004a2f  __aeabi_memset8                   
00004a35  memset                            
00004aa7  _system_post_cinit                
00004b19  __TI_auto_init                    
00004b89  __TI_decompress_lzss              
00004bf1  frexp                             
00004bf1  frexpl                            
00004c55  sprintf                           
00004cb5  _c_int00                          
00004d09  C$$EXIT                           
00004d0d  abort                             
00004d15  exit                              
00004d5d  ltoa                              
00004db1  SysCtl_getTLVInfo                 
00004e01  sysTickInit                       
00004e1d  SysTick_delay                     
00004e9d  atoi                              
00004ee9  copy_in                           
00004f7d  __aeabi_d2iz                      
00004fc5  __aeabi_f2d                       
00004ffd  __aeabi_i2d                       
0000502d  CS_clearInterruptFlag             
00005051  memccpy                           
0000506d  CS_getMCLK                        
00005085  CS_getSMCLK                       
0000509d  _args_main                        
000050b5  strchr                            
000050cd  CS_setExternalClockSourceFrequency
000050e1  _register_unlock                  
000050e7  _register_lock                    
000050ef  _nop                              
000050f5  copysign                          
000050f5  copysignl                         
00005109  strlen                            
0000511d  RTC_C_convertBCDToBinary          
0000512d  RTC_C_convertBinaryToBCD          
0000513d  SysCtl_disableNMISource           
0000514d  SysCtl_enableNMISource            
0000515d  __TI_decompress_none              
0000516b  Reset_Handler                     
00005177  ADC14_IRQHandler                  
00005177  AES256_IRQHandler                 
00005177  BusFault_Handler                  
00005177  COMP_E0_IRQHandler                
00005177  COMP_E1_IRQHandler                
00005177  CS_IRQHandler                     
00005177  DMA_ERR_IRQHandler                
00005177  DMA_INT0_IRQHandler               
00005177  DMA_INT1_IRQHandler               
00005177  DMA_INT2_IRQHandler               
00005177  DMA_INT3_IRQHandler               
00005177  DebugMon_Handler                  
00005177  Default_Handler                   
00005177  EUSCIA0_IRQHandler                
00005177  EUSCIA1_IRQHandler                
00005177  EUSCIA2_IRQHandler                
00005177  EUSCIA3_IRQHandler                
00005177  EUSCIB0_IRQHandler                
00005177  EUSCIB1_IRQHandler                
00005177  EUSCIB2_IRQHandler                
00005177  EUSCIB3_IRQHandler                
00005177  FLCTL_IRQHandler                  
00005177  FPU_IRQHandler                    
00005177  HardFault_Handler                 
00005177  MemManage_Handler                 
00005177  NMI_Handler                       
00005177  PCM_IRQHandler                    
00005177  PORT1_IRQHandler                  
00005177  PORT2_IRQHandler                  
00005177  PORT3_IRQHandler                  
00005177  PORT4_IRQHandler                  
00005177  PORT5_IRQHandler                  
00005177  PORT6_IRQHandler                  
00005177  PSS_IRQHandler                    
00005177  PendSV_Handler                    
00005177  SVC_Handler                       
00005177  SysTick_Handler                   
00005177  T32_INT1_IRQHandler               
00005177  T32_INT2_IRQHandler               
00005177  T32_INTC_IRQHandler               
00005177  TA0_0_IRQHandler                  
00005177  TA0_N_IRQHandler                  
00005177  TA1_0_IRQHandler                  
00005177  TA1_N_IRQHandler                  
00005177  TA2_0_IRQHandler                  
00005177  TA2_N_IRQHandler                  
00005177  TA3_0_IRQHandler                  
00005177  TA3_N_IRQHandler                  
00005177  UsageFault_Handler                
00005179  SysCtl_getNMISourceStatus         
00005185  __TI_zero_init                    
00005191  CS_startHFXT                      
00005197  CS_startLFXT                      
0000519d  _system_pre_init                  
000051a0  dark                              
000059a0  overcast                          
000061a0  partlySunny                       
000069a0  sunny                             
000071a0  twilight                          
00007e9b  dBfs                              
0000809b  _ctypes_                          
000082c8  my_keys                           
00008306  down_element                      
0000830c  select_element                    
00008312  up_element                        
000083bc  __TI_Handler_Table_Base           
000083c8  __TI_Handler_Table_Limit          
000083d0  __TI_CINIT_Base                   
000083e0  __TI_CINIT_Limit                  
20000000  light_status_items                
20000078  setup_steps                       
200000a8  currentTime                       
200000c4  inside                            
200000dc  outside                           
200000f4  StX                               
200000f8  StY                               
200000fc  StTextColor                       
20000104  lastj                             
20000108  current_Stage                     
2000010c  SET_TIME                          
20000110  value                             
20000114  reset_time                        
20000118  __TI_cleanup_ptr                  
2000011c  __TI_dtors_ptr                    
20000120  __TI_enable_exit_profile_output   
20000124  _lock                             
20000128  _unlock                           
2000012c  grid_color                        
2000012e  menu_text_color                   
20000130  highlight_text_color              
20000132  LCD_Rotation                      
20000134  errno                             
20000138  main_func_sp                      
2000013c  SystemCoreClock                   
20000140  ctsStatusReg                      
20000144  newtime                           
20000160  Message                           
2000016c  baseCnt                           
20000178  delta_count                       
20000180  measCnt                           
20000188  raw_count                         
20000194  MCLKfreq                          
20000198  Messageindex                      
2000019c  SMCLKfreq                         
200001a0  X                                 
200001a4  Ymax                              
200001a8  Ymin                              
200001ac  Yrange                            
2000fe00  __stack                           
20010000  __STACK_END                       
4000480c  WDTCTL_SYM                        
ffffffff  __TI_pprof_out_hndl               
ffffffff  __TI_prof_data_size               
ffffffff  __TI_prof_data_start              
ffffffff  __binit__                         
ffffffff  __c_args__                        
ffffffff  binit                             
UNDEFED   SHT$$INIT_ARRAY$$Base             
UNDEFED   SHT$$INIT_ARRAY$$Limit            

[259 symbols]
