******************************************************************************
                  TI ARM Linker PC v16.9.6                     
******************************************************************************
>> Linked Fri Feb 16 14:17:31 2018

OUTPUT FILE NAME:   <Cap_SetTime.out>
ENTRY POINT SYMBOL: "_c_int00"  address: 00003191


MEMORY CONFIGURATION

         name            origin    length      used     unused   attr    fill
----------------------  --------  ---------  --------  --------  ----  --------
  MAIN                  00000000   00040000  0000370a  0003c8f6  R  X
  INFO                  00200000   00004000  00000000  00004000  R  X
  SRAM_CODE             01000000   00010000  00000000  00010000  RW X
  SRAM_DATA             20000000   00010000  00000536  0000faca  RW  


SEGMENT ALLOCATION MAP

run origin  load origin   length   init length attrs members
----------  ----------- ---------- ----------- ----- -------
00000000    00000000    00003710   00003710    r-x
  00000000    00000000    000000e4   000000e4    r-- .intvecs
  000000e4    000000e4    00003430   00003430    r-x .text
  00003514    00003514    0000015e   0000015e    r-- .const
  00003678    00003678    00000098   00000098    r-- .cinit
20000000    20000000    00000338   00000000    rw-
  20000000    20000000    000001ea   00000000    rw- .data
  200001ec    200001ec    0000014c   00000000    rw- .bss
2000fe00    2000fe00    00000200   00000000    rw-
  2000fe00    2000fe00    00000200   00000000    rw- .stack


SECTION ALLOCATION MAP

 output                                  attributes/
section   page    origin      length       input sections
--------  ----  ----------  ----------   ----------------
.intvecs   0    00000000    000000e4     
                  00000000    000000e4     startup_msp432p401r_ccs.obj (.intvecs:retain)

.text      0    000000e4    00003430     
                  000000e4    0000113e     rtsv7M4_T_le_v4SPD16_eabi.lib : _printfi.obj (.text)
                  00001222    00000002                                   : mpu_init.obj (.text)
                  00001224    00000a9c     CTS_Layer.obj (.text)
                  00001cc0    00000328     system_msp432p401r.obj (.text)
                  00001fe8    00000200     CTS_HAL.obj (.text)
                  000021e8    000001f4     rtsv7M4_T_le_v4SPD16_eabi.lib : ull_div_t2.obj (.text)
                  000023dc    000001f0     main.obj (.text)
                  000025cc    000001b6     rtsv7M4_T_le_v4SPD16_eabi.lib : fd_add_t2.obj (.text)
                  00002782    00000136                                   : fd_div_t2.obj (.text)
                  000028b8    000000fc                                   : fd_mul_t2.obj (.text)
                  000029b4    000000fc                                   : s_scalbn.obj (.text)
                  00002ab0    000000c8                                   : fflush.obj (.text)
                  00002b78    0000009c                                   : memcpy_t2.obj (.text)
                  00002c14    00000086                                   : fd_cmp_t2.obj (.text:__aeabi_cdcmple)
                  00002c9a    00000086                                   : fd_cmp_t2.obj (.text:__aeabi_cdrcmple)
                  00002d20    0000007a                                   : memset_t2.obj (.text)
                  00002d9a    00000002                                   : startup.obj (.text)
                  00002d9c    00000070                                   : autoinit.obj (.text)
                  00002e0c    00000070                                   : printf.obj (.text)
                  00002e7c    00000068                                   : copy_decompress_lzss.obj (.text:decompress:lzss)
                  00002ee4    00000068                                   : hostlseek.obj (.text)
                  00002f4c    00000068                                   : hostrename.obj (.text)
                  00002fb4    00000068                                   : trgmsg.obj (.text)
                  0000301c    00000064                                   : s_frexp.obj (.text)
                  00003080    00000060                                   : hostopen.obj (.text)
                  000030e0    00000058                                   : hostread.obj (.text)
                  00003138    00000058                                   : hostwrite.obj (.text)
                  00003190    00000054                                   : boot.obj (.text)
                  000031e4    00000054                                   : exit.obj (.text)
                  00003238    00000054                                   : ltoa.obj (.text)
                  0000328c    0000004c                                   : atoi.obj (.text)
                  000032d8    0000004c                                   : cpy_tbl.obj (.text)
                  00003324    00000048                                   : fd_toi_t2.obj (.text)
                  0000336c    00000044                                   : hostclose.obj (.text)
                  000033b0    00000044                                   : hostunlink.obj (.text)
                  000033f4    0000002e                                   : i_tofd_t2.obj (.text)
                  00003422    00000002     --HOLE-- [fill = 0]
                  00003424    00000028                                   : write.obj (.text)
                  0000344c    0000001c                                   : memccpy.obj (.text)
                  00003468    00000018                                   : args_main.obj (.text)
                  00003480    00000016                                   : strchr.obj (.text)
                  00003496    00000002     --HOLE-- [fill = 0]
                  00003498    00000014                                   : _lock.obj (.text)
                  000034ac    00000014                                   : s_copysign.obj (.text)
                  000034c0    00000014                                   : strcpy.obj (.text)
                  000034d4    00000014                                   : strlen.obj (.text)
                  000034e8    0000000e                                   : copy_decompress_none.obj (.text:decompress:none)
                  000034f6    0000000e     startup_msp432p401r_ccs.obj (.text)
                  00003504    0000000c     rtsv7M4_T_le_v4SPD16_eabi.lib : copy_zero_init.obj (.text:decompress:ZI)
                  00003510    00000004                                   : pre_init.obj (.text)

.const     0    00003514    0000015e     
                  00003514    00000101     rtsv7M4_T_le_v4SPD16_eabi.lib : ctype.obj (.const:.string:_ctypes_)
                  00003615    00000003     --HOLE-- [fill = 0]
                  00003618    00000024     structure.obj (.const:my_keys)
                  0000363c    00000024     main.obj (.const:uartConfig)
                  00003660    00000006     structure.obj (.const:down_element)
                  00003666    00000006     structure.obj (.const:select_element)
                  0000366c    00000006     structure.obj (.const:up_element)

.cinit     0    00003678    00000098     
                  00003678    0000006d     (.cinit..data.load) [load image, compression = lzss]
                  000036e5    00000003     --HOLE-- [fill = 0]
                  000036e8    0000000c     (__TI_handler_table)
                  000036f4    00000004     --HOLE-- [fill = 0]
                  000036f8    00000008     (.cinit..bss.load) [load image, compression = zero_init]
                  00003700    00000010     (__TI_cinit_table)

.init_array 
*          0    00000000    00000000     UNINITIALIZED

.data      0    20000000    000001ea     UNINITIALIZED
                  20000000    000000f0     rtsv7M4_T_le_v4SPD16_eabi.lib : defs.obj (.data:_ftable)
                  200000f0    00000078                                   : write.obj (.data:_device)
                  20000168    00000050                                   : write.obj (.data:_stream)
                  200001b8    00000010                                   : defs.obj (.data)
                  200001c8    0000000c                                   : exit.obj (.data:$O1$$)
                  200001d4    00000008                                   : _lock.obj (.data:$O1$$)
                  200001dc    00000004                                   : errno.obj (.data)
                  200001e0    00000004                                   : stkdepth_vars.obj (.data)
                  200001e4    00000004     system_msp432p401r.obj (.data)
                  200001e8    00000002     CTS_Layer.obj (.data)

.bss       0    200001ec    0000014c     UNINITIALIZED
                  200001ec    00000120     rtsv7M4_T_le_v4SPD16_eabi.lib : trgmsg.obj (.bss:_CIOBUF_)
                  2000030c    0000000c     (.common:baseCnt)
                  20000318    00000008     (.common:delta_count)
                  20000320    00000008     (.common:measCnt)
                  20000328    00000008     (.common:parmbuf)
                  20000330    00000008     (.common:raw_count)

.stack     0    2000fe00    00000200     UNINITIALIZED
                  2000fe00    00000200     --HOLE--

MODULE SUMMARY

       Module                        code    ro data   rw data
       ------                        ----    -------   -------
    .\
       CTS_Layer.obj                 2716    0         22     
       system_msp432p401r.obj        808     0         4      
       main.obj                      496     36        16     
       CTS_HAL.obj                   512     0         0      
       startup_msp432p401r_ccs.obj   14      228       0      
       structure.obj                 0       54        0      
    +--+-----------------------------+-------+---------+---------+
       Total:                        4546    318       42     
                                                              
    C:\ti\ccsv7\tools\compiler\ti-cgt-arm_16.9.6.LTS\lib\rtsv7M4_T_le_v4SPD16_eabi.lib
       _printfi.obj                  4414    0         0      
       ull_div_t2.obj                500     0         0      
       fd_add_t2.obj                 438     0         0      
       trgmsg.obj                    104     0         288    
       fd_div_t2.obj                 310     0         0      
       fd_cmp_t2.obj                 268     0         0      
       ctype.obj                     0       257       0      
       defs.obj                      0       0         256    
       fd_mul_t2.obj                 252     0         0      
       s_scalbn.obj                  252     0         0      
       write.obj                     40      0         200    
       fflush.obj                    200     0         0      
       memcpy_t2.obj                 156     0         0      
       memset_t2.obj                 122     0         0      
       autoinit.obj                  112     0         0      
       printf.obj                    112     0         0      
       copy_decompress_lzss.obj      104     0         0      
       hostlseek.obj                 104     0         0      
       hostopen.obj                  96      0         8      
       hostrename.obj                104     0         0      
       s_frexp.obj                   100     0         0      
       exit.obj                      84      0         12     
       hostread.obj                  88      0         0      
       hostwrite.obj                 88      0         0      
       boot.obj                      84      0         0      
       ltoa.obj                      84      0         0      
       atoi.obj                      76      0         0      
       cpy_tbl.obj                   76      0         0      
       fd_toi_t2.obj                 72      0         0      
       hostclose.obj                 68      0         0      
       hostunlink.obj                68      0         0      
       i_tofd_t2.obj                 46      0         0      
       _lock.obj                     20      0         8      
       memccpy.obj                   28      0         0      
       args_main.obj                 24      0         0      
       strchr.obj                    22      0         0      
       s_copysign.obj                20      0         0      
       strcpy.obj                    20      0         0      
       strlen.obj                    20      0         0      
       copy_decompress_none.obj      14      0         0      
       copy_zero_init.obj            12      0         0      
       errno.obj                     0       0         4      
       pre_init.obj                  4       0         0      
       stkdepth_vars.obj             0       0         4      
       mpu_init.obj                  2       0         0      
       startup.obj                   2       0         0      
    +--+-----------------------------+-------+---------+---------+
       Total:                        8810    257       780    
                                                              
       Stack:                        0       0         512    
       Linker Generated:             0       145       0      
    +--+-----------------------------+-------+---------+---------+
       Grand Total:                  13356   720       1334   


LINKER GENERATED COPY TABLES

__TI_cinit_table @ 00003700 records: 2, size/record: 8, table size: 16
	.data: load addr=00003678, load size=0000006d bytes, run addr=20000000, run size=000001ea bytes, compression=lzss
	.bss: load addr=000036f8, load size=00000008 bytes, run addr=200001ec, run size=0000014c bytes, compression=zero_init


LINKER GENERATED HANDLER TABLE

__TI_handler_table @ 000036e8 records: 3, size/record: 4, table size: 12
	index: 0, handler: __TI_decompress_lzss
	index: 1, handler: __TI_decompress_none
	index: 2, handler: __TI_zero_init


GLOBAL SYMBOLS: SORTED ALPHABETICALLY BY Name 

address   name                           
-------   ----                           
00003503  ADC14_IRQHandler               
00003503  AES256_IRQHandler              
00003503  BusFault_Handler               
000031e5  C$$EXIT                        
00002fe3  C$$IO$$                        
00003503  COMP_E0_IRQHandler             
00003503  COMP_E1_IRQHandler             
00003503  CS_IRQHandler                  
00003503  DMA_ERR_IRQHandler             
00003503  DMA_INT0_IRQHandler            
00003503  DMA_INT1_IRQHandler            
00003503  DMA_INT2_IRQHandler            
00003503  DMA_INT3_IRQHandler            
00003503  DebugMon_Handler               
00003503  Default_Handler                
00001bb5  Dominant_Element               
00003503  EUSCIA0_IRQHandler             
00003503  EUSCIA1_IRQHandler             
00003503  EUSCIA2_IRQHandler             
00003503  EUSCIA3_IRQHandler             
00003503  EUSCIB0_IRQHandler             
00003503  EUSCIB1_IRQHandler             
00003503  EUSCIB2_IRQHandler             
00003503  EUSCIB3_IRQHandler             
00003503  FLCTL_IRQHandler               
00003503  FPU_IRQHandler                 
0000336d  HOSTclose                      
00002ee5  HOSTlseek                      
00003081  HOSTopen                       
000030e1  HOSTread                       
00002f4d  HOSTrename                     
000033b1  HOSTunlink                     
00003139  HOSTwrite                      
00003503  HardFault_Handler              
00003503  MemManage_Handler              
00003503  NMI_Handler                    
00003503  PCM_IRQHandler                 
00003503  PORT1_IRQHandler               
00003503  PORT2_IRQHandler               
00003503  PORT3_IRQHandler               
00003503  PORT4_IRQHandler               
00003503  PORT5_IRQHandler               
00003503  PORT6_IRQHandler               
00003503  PSS_IRQHandler                 
00003503  PendSV_Handler                 
00003503  RTC_C_IRQHandler               
000034f7  Reset_Handler                  
UNDEFED   SHT$$INIT_ARRAY$$Base          
UNDEFED   SHT$$INIT_ARRAY$$Limit         
00003503  SVC_Handler                    
00003503  SysTick_Handler                
200001e4  SystemCoreClock                
00001cc1  SystemCoreClockUpdate          
00001f35  SystemInit                     
00003503  T32_INT1_IRQHandler            
00003503  T32_INT2_IRQHandler            
00003503  T32_INTC_IRQHandler            
00003503  TA0_0_IRQHandler               
00003503  TA0_N_IRQHandler               
00003503  TA1_0_IRQHandler               
00003503  TA1_N_IRQHandler               
00003503  TA2_0_IRQHandler               
00003503  TA2_N_IRQHandler               
00003503  TA3_0_IRQHandler               
00003503  TA3_N_IRQHandler               
000018c5  TI_CAPT_Button                 
000018eb  TI_CAPT_Buttons                
00001335  TI_CAPT_Custom                 
0000123d  TI_CAPT_Init_Baseline          
00001225  TI_CAPT_Raw                    
000012d9  TI_CAPT_Reset_Tracking         
00001253  TI_CAPT_Update_Baseline        
000012e1  TI_CAPT_Update_Tracking_DOI    
00001309  TI_CAPT_Update_Tracking_Rate   
00001937  TI_CAPT_Wheel                  
00002083  TI_CTS_RO_CTIO_TA2_WDTA_HAL    
00002437  UART_init                      
00003503  UsageFault_Handler             
4000480c  WDTCTL_SYM                     
000021bd  WDT_A_IRQHandler               
000021bd  WDT_A_IRQHandler               
200001ec  __CIOBUF_                      
20010000  __STACK_END                    
00000200  __STACK_SIZE                   
00003700  __TI_CINIT_Base                
00003710  __TI_CINIT_Limit               
000036e8  __TI_Handler_Table_Base        
000036f4  __TI_Handler_Table_Limit       
00002d9d  __TI_auto_init                 
200001c8  __TI_cleanup_ptr               
00002e7d  __TI_decompress_lzss           
000034e9  __TI_decompress_none           
00002ab1  __TI_doflush                   
200001cc  __TI_dtors_ptr                 
200001d0  __TI_enable_exit_profile_output
200001b8  __TI_ft_end                    
ffffffff  __TI_pprof_out_hndl            
00000929  __TI_printfi                   
ffffffff  __TI_prof_data_size            
ffffffff  __TI_prof_data_start           
00002fe7  __TI_readmsg                   
00000000  __TI_static_base__             
00002fb5  __TI_writemsg                  
00003505  __TI_zero_init                 
00002c15  __aeabi_cdcmpeq                
00002c15  __aeabi_cdcmple                
00002c9b  __aeabi_cdrcmple               
00003325  __aeabi_d2iz                   
000025d7  __aeabi_dadd                   
00002783  __aeabi_ddiv                   
000028b9  __aeabi_dmul                   
000025cd  __aeabi_dsub                   
000033f5  __aeabi_i2d                    
00002d21  __aeabi_memclr                 
00002d21  __aeabi_memclr4                
00002d21  __aeabi_memclr8                
00002b79  __aeabi_memcpy                 
00002b79  __aeabi_memcpy4                
00002b79  __aeabi_memcpy8                
00002d23  __aeabi_memset                 
00002d23  __aeabi_memset4                
00002d23  __aeabi_memset8                
200001c4  __aeabi_stderr                 
200001bc  __aeabi_stdin                  
200001c0  __aeabi_stdout                 
000021e9  __aeabi_uldivmod               
ffffffff  __binit__                      
ffffffff  __c_args__                     
00001223  __mpu_init                     
2000fe00  __stack                        
00003469  _args_main                     
00003191  _c_int00                       
00003514  _ctypes_                       
200000f0  _device                        
20000000  _ftable                        
200001d4  _lock                          
000034a7  _nop                           
0000349f  _register_lock                 
00003499  _register_unlock               
20000168  _stream                        
00002d9b  _system_post_cinit             
00003511  _system_pre_init               
200001d8  _unlock                        
000031e9  abort                          
0000328d  atoi                           
2000030c  baseCnt                        
ffffffff  binit                          
000032d9  copy_in                        
000034ad  copysign                       
000034ad  copysignl                      
200001e8  ctsStatusReg                   
20000318  delta_count                    
00003660  down_element                   
200001dc  errno                          
000031f1  exit                           
00002afd  fflush                         
000023dd  fputc                          
000023fb  fputs                          
0000301d  frexp                          
0000301d  frexpl                         
00000000  interruptVectors               
000029b5  ldexp                          
000029b5  ldexpl                         
00003239  ltoa                           
00002465  main                           
200001e0  main_func_sp                   
20000320  measCnt                        
0000344d  memccpy                        
00002b79  memcpy                         
00002d29  memset                         
00003618  my_keys                        
20000328  parmbuf                        
00002e15  printf                         
20000330  raw_count                      
000029b5  scalbn                         
000029b5  scalbnl                        
00003666  select_element                 
00003481  strchr                         
000034c1  strcpy                         
000034d5  strlen                         
0000363c  uartConfig                     
0000366c  up_element                     
00003425  write                          


GLOBAL SYMBOLS: SORTED BY Symbol Address 

address   name                           
-------   ----                           
00000000  __TI_static_base__             
00000000  interruptVectors               
00000200  __STACK_SIZE                   
00000929  __TI_printfi                   
00001223  __mpu_init                     
00001225  TI_CAPT_Raw                    
0000123d  TI_CAPT_Init_Baseline          
00001253  TI_CAPT_Update_Baseline        
000012d9  TI_CAPT_Reset_Tracking         
000012e1  TI_CAPT_Update_Tracking_DOI    
00001309  TI_CAPT_Update_Tracking_Rate   
00001335  TI_CAPT_Custom                 
000018c5  TI_CAPT_Button                 
000018eb  TI_CAPT_Buttons                
00001937  TI_CAPT_Wheel                  
00001bb5  Dominant_Element               
00001cc1  SystemCoreClockUpdate          
00001f35  SystemInit                     
00002083  TI_CTS_RO_CTIO_TA2_WDTA_HAL    
000021bd  WDT_A_IRQHandler               
000021bd  WDT_A_IRQHandler               
000021e9  __aeabi_uldivmod               
000023dd  fputc                          
000023fb  fputs                          
00002437  UART_init                      
00002465  main                           
000025cd  __aeabi_dsub                   
000025d7  __aeabi_dadd                   
00002783  __aeabi_ddiv                   
000028b9  __aeabi_dmul                   
000029b5  ldexp                          
000029b5  ldexpl                         
000029b5  scalbn                         
000029b5  scalbnl                        
00002ab1  __TI_doflush                   
00002afd  fflush                         
00002b79  __aeabi_memcpy                 
00002b79  __aeabi_memcpy4                
00002b79  __aeabi_memcpy8                
00002b79  memcpy                         
00002c15  __aeabi_cdcmpeq                
00002c15  __aeabi_cdcmple                
00002c9b  __aeabi_cdrcmple               
00002d21  __aeabi_memclr                 
00002d21  __aeabi_memclr4                
00002d21  __aeabi_memclr8                
00002d23  __aeabi_memset                 
00002d23  __aeabi_memset4                
00002d23  __aeabi_memset8                
00002d29  memset                         
00002d9b  _system_post_cinit             
00002d9d  __TI_auto_init                 
00002e15  printf                         
00002e7d  __TI_decompress_lzss           
00002ee5  HOSTlseek                      
00002f4d  HOSTrename                     
00002fb5  __TI_writemsg                  
00002fe3  C$$IO$$                        
00002fe7  __TI_readmsg                   
0000301d  frexp                          
0000301d  frexpl                         
00003081  HOSTopen                       
000030e1  HOSTread                       
00003139  HOSTwrite                      
00003191  _c_int00                       
000031e5  C$$EXIT                        
000031e9  abort                          
000031f1  exit                           
00003239  ltoa                           
0000328d  atoi                           
000032d9  copy_in                        
00003325  __aeabi_d2iz                   
0000336d  HOSTclose                      
000033b1  HOSTunlink                     
000033f5  __aeabi_i2d                    
00003425  write                          
0000344d  memccpy                        
00003469  _args_main                     
00003481  strchr                         
00003499  _register_unlock               
0000349f  _register_lock                 
000034a7  _nop                           
000034ad  copysign                       
000034ad  copysignl                      
000034c1  strcpy                         
000034d5  strlen                         
000034e9  __TI_decompress_none           
000034f7  Reset_Handler                  
00003503  ADC14_IRQHandler               
00003503  AES256_IRQHandler              
00003503  BusFault_Handler               
00003503  COMP_E0_IRQHandler             
00003503  COMP_E1_IRQHandler             
00003503  CS_IRQHandler                  
00003503  DMA_ERR_IRQHandler             
00003503  DMA_INT0_IRQHandler            
00003503  DMA_INT1_IRQHandler            
00003503  DMA_INT2_IRQHandler            
00003503  DMA_INT3_IRQHandler            
00003503  DebugMon_Handler               
00003503  Default_Handler                
00003503  EUSCIA0_IRQHandler             
00003503  EUSCIA1_IRQHandler             
00003503  EUSCIA2_IRQHandler             
00003503  EUSCIA3_IRQHandler             
00003503  EUSCIB0_IRQHandler             
00003503  EUSCIB1_IRQHandler             
00003503  EUSCIB2_IRQHandler             
00003503  EUSCIB3_IRQHandler             
00003503  FLCTL_IRQHandler               
00003503  FPU_IRQHandler                 
00003503  HardFault_Handler              
00003503  MemManage_Handler              
00003503  NMI_Handler                    
00003503  PCM_IRQHandler                 
00003503  PORT1_IRQHandler               
00003503  PORT2_IRQHandler               
00003503  PORT3_IRQHandler               
00003503  PORT4_IRQHandler               
00003503  PORT5_IRQHandler               
00003503  PORT6_IRQHandler               
00003503  PSS_IRQHandler                 
00003503  PendSV_Handler                 
00003503  RTC_C_IRQHandler               
00003503  SVC_Handler                    
00003503  SysTick_Handler                
00003503  T32_INT1_IRQHandler            
00003503  T32_INT2_IRQHandler            
00003503  T32_INTC_IRQHandler            
00003503  TA0_0_IRQHandler               
00003503  TA0_N_IRQHandler               
00003503  TA1_0_IRQHandler               
00003503  TA1_N_IRQHandler               
00003503  TA2_0_IRQHandler               
00003503  TA2_N_IRQHandler               
00003503  TA3_0_IRQHandler               
00003503  TA3_N_IRQHandler               
00003503  UsageFault_Handler             
00003505  __TI_zero_init                 
00003511  _system_pre_init               
00003514  _ctypes_                       
00003618  my_keys                        
0000363c  uartConfig                     
00003660  down_element                   
00003666  select_element                 
0000366c  up_element                     
000036e8  __TI_Handler_Table_Base        
000036f4  __TI_Handler_Table_Limit       
00003700  __TI_CINIT_Base                
00003710  __TI_CINIT_Limit               
20000000  _ftable                        
200000f0  _device                        
20000168  _stream                        
200001b8  __TI_ft_end                    
200001bc  __aeabi_stdin                  
200001c0  __aeabi_stdout                 
200001c4  __aeabi_stderr                 
200001c8  __TI_cleanup_ptr               
200001cc  __TI_dtors_ptr                 
200001d0  __TI_enable_exit_profile_output
200001d4  _lock                          
200001d8  _unlock                        
200001dc  errno                          
200001e0  main_func_sp                   
200001e4  SystemCoreClock                
200001e8  ctsStatusReg                   
200001ec  __CIOBUF_                      
2000030c  baseCnt                        
20000318  delta_count                    
20000320  measCnt                        
20000328  parmbuf                        
20000330  raw_count                      
2000fe00  __stack                        
20010000  __STACK_END                    
4000480c  WDTCTL_SYM                     
ffffffff  __TI_pprof_out_hndl            
ffffffff  __TI_prof_data_size            
ffffffff  __TI_prof_data_start           
ffffffff  __binit__                      
ffffffff  __c_args__                     
ffffffff  binit                          
UNDEFED   SHT$$INIT_ARRAY$$Base          
UNDEFED   SHT$$INIT_ARRAY$$Limit         

[183 symbols]
