<?xml version="1.0"?>
<link_info>
   <banner>TI ARM Linker PC v16.9.6.LTS</banner>
   <copyright>Copyright (c) 1996-2017 Texas Instruments Incorporated</copyright>
   <link_time>0x5a89a752</link_time>
   <link_errors>0x0</link_errors>
   <output_file>Cap_SetTime.out</output_file>
   <entry_point>
      <name>_c_int00</name>
      <address>0x4cb5</address>
   </entry_point>
   <input_file_list>
      <input_file id="fl-2">
         <path>.\</path>
         <kind>object</kind>
         <file>CTS_HAL.obj</file>
         <name>CTS_HAL.obj</name>
      </input_file>
      <input_file id="fl-3">
         <path>.\</path>
         <kind>object</kind>
         <file>CTS_Layer.obj</file>
         <name>CTS_Layer.obj</name>
      </input_file>
      <input_file id="fl-4">
         <path>.\</path>
         <kind>object</kind>
         <file>LCD.obj</file>
         <name>LCD.obj</name>
      </input_file>
      <input_file id="fl-5">
         <path>.\</path>
         <kind>object</kind>
         <file>ST7735.obj</file>
         <name>ST7735.obj</name>
      </input_file>
      <input_file id="fl-6">
         <path>.\</path>
         <kind>object</kind>
         <file>clockConfig.obj</file>
         <name>clockConfig.obj</name>
      </input_file>
      <input_file id="fl-7">
         <path>.\</path>
         <kind>object</kind>
         <file>main.obj</file>
         <name>main.obj</name>
      </input_file>
      <input_file id="fl-8">
         <path>.\</path>
         <kind>object</kind>
         <file>startup_msp432p401r_ccs.obj</file>
         <name>startup_msp432p401r_ccs.obj</name>
      </input_file>
      <input_file id="fl-9">
         <path>.\</path>
         <kind>object</kind>
         <file>structure.obj</file>
         <name>structure.obj</name>
      </input_file>
      <input_file id="fl-a">
         <path>.\</path>
         <kind>object</kind>
         <file>sysTick.obj</file>
         <name>sysTick.obj</name>
      </input_file>
      <input_file id="fl-b">
         <path>.\</path>
         <kind>object</kind>
         <file>system_msp432p401r.obj</file>
         <name>system_msp432p401r.obj</name>
      </input_file>
      <input_file id="fl-10">
         <kind>object</kind>
         <file>&lt;internal&gt;</file>
         <name>&lt;internal&gt;</name>
      </input_file>
      <input_file id="fl-11">
         <path>C:\ti\msp\MSP432Ware_3_50_00_02\driverlib\driverlib\MSP432P4xx\ccs\</path>
         <kind>archive</kind>
         <file>msp432p4xx_driverlib.lib</file>
         <name>cs.o</name>
      </input_file>
      <input_file id="fl-12">
         <path>C:\ti\msp\MSP432Ware_3_50_00_02\driverlib\driverlib\MSP432P4xx\ccs\</path>
         <kind>archive</kind>
         <file>msp432p4xx_driverlib.lib</file>
         <name>interrupt.o</name>
      </input_file>
      <input_file id="fl-13">
         <path>C:\ti\msp\MSP432Ware_3_50_00_02\driverlib\driverlib\MSP432P4xx\ccs\</path>
         <kind>archive</kind>
         <file>msp432p4xx_driverlib.lib</file>
         <name>rtc_c.o</name>
      </input_file>
      <input_file id="fl-14">
         <path>C:\ti\msp\MSP432Ware_3_50_00_02\driverlib\driverlib\MSP432P4xx\ccs\</path>
         <kind>archive</kind>
         <file>msp432p4xx_driverlib.lib</file>
         <name>sysctl.o</name>
      </input_file>
      <input_file id="fl-15">
         <path>C:\ti\msp\MSP432Ware_3_50_00_02\driverlib\driverlib\MSP432P4xx\ccs\</path>
         <kind>archive</kind>
         <file>msp432p4xx_driverlib.lib</file>
         <name>cpu.o</name>
      </input_file>
      <input_file id="fl-cb">
         <path>C:\ti\ccsv7\tools\compiler\ti-cgt-arm_16.9.6.LTS\lib\</path>
         <kind>archive</kind>
         <file>rtsv7M4_T_le_v4SPD16_eabi.lib</file>
         <name>boot.obj</name>
      </input_file>
      <input_file id="fl-cc">
         <path>C:\ti\ccsv7\tools\compiler\ti-cgt-arm_16.9.6.LTS\lib\</path>
         <kind>archive</kind>
         <file>rtsv7M4_T_le_v4SPD16_eabi.lib</file>
         <name>copy_decompress_lzss.obj</name>
      </input_file>
      <input_file id="fl-cd">
         <path>C:\ti\ccsv7\tools\compiler\ti-cgt-arm_16.9.6.LTS\lib\</path>
         <kind>archive</kind>
         <file>rtsv7M4_T_le_v4SPD16_eabi.lib</file>
         <name>copy_decompress_none.obj</name>
      </input_file>
      <input_file id="fl-ce">
         <path>C:\ti\ccsv7\tools\compiler\ti-cgt-arm_16.9.6.LTS\lib\</path>
         <kind>archive</kind>
         <file>rtsv7M4_T_le_v4SPD16_eabi.lib</file>
         <name>copy_zero_init.obj</name>
      </input_file>
      <input_file id="fl-cf">
         <path>C:\ti\ccsv7\tools\compiler\ti-cgt-arm_16.9.6.LTS\lib\</path>
         <kind>archive</kind>
         <file>rtsv7M4_T_le_v4SPD16_eabi.lib</file>
         <name>exit.obj</name>
      </input_file>
      <input_file id="fl-d0">
         <path>C:\ti\ccsv7\tools\compiler\ti-cgt-arm_16.9.6.LTS\lib\</path>
         <kind>archive</kind>
         <file>rtsv7M4_T_le_v4SPD16_eabi.lib</file>
         <name>fs_tod_t2.obj</name>
      </input_file>
      <input_file id="fl-d1">
         <path>C:\ti\ccsv7\tools\compiler\ti-cgt-arm_16.9.6.LTS\lib\</path>
         <kind>archive</kind>
         <file>rtsv7M4_T_le_v4SPD16_eabi.lib</file>
         <name>memcpy_t2.obj</name>
      </input_file>
      <input_file id="fl-d2">
         <path>C:\ti\ccsv7\tools\compiler\ti-cgt-arm_16.9.6.LTS\lib\</path>
         <kind>archive</kind>
         <file>rtsv7M4_T_le_v4SPD16_eabi.lib</file>
         <name>memset_t2.obj</name>
      </input_file>
      <input_file id="fl-d3">
         <path>C:\ti\ccsv7\tools\compiler\ti-cgt-arm_16.9.6.LTS\lib\</path>
         <kind>archive</kind>
         <file>rtsv7M4_T_le_v4SPD16_eabi.lib</file>
         <name>mpu_init.obj</name>
      </input_file>
      <input_file id="fl-d4">
         <path>C:\ti\ccsv7\tools\compiler\ti-cgt-arm_16.9.6.LTS\lib\</path>
         <kind>archive</kind>
         <file>rtsv7M4_T_le_v4SPD16_eabi.lib</file>
         <name>pre_init.obj</name>
      </input_file>
      <input_file id="fl-d5">
         <path>C:\ti\ccsv7\tools\compiler\ti-cgt-arm_16.9.6.LTS\lib\</path>
         <kind>archive</kind>
         <file>rtsv7M4_T_le_v4SPD16_eabi.lib</file>
         <name>sprintf.obj</name>
      </input_file>
      <input_file id="fl-d6">
         <path>C:\ti\ccsv7\tools\compiler\ti-cgt-arm_16.9.6.LTS\lib\</path>
         <kind>archive</kind>
         <file>rtsv7M4_T_le_v4SPD16_eabi.lib</file>
         <name>stkdepth_vars.obj</name>
      </input_file>
      <input_file id="fl-d7">
         <path>C:\ti\ccsv7\tools\compiler\ti-cgt-arm_16.9.6.LTS\lib\</path>
         <kind>archive</kind>
         <file>rtsv7M4_T_le_v4SPD16_eabi.lib</file>
         <name>_lock.obj</name>
      </input_file>
      <input_file id="fl-d8">
         <path>C:\ti\ccsv7\tools\compiler\ti-cgt-arm_16.9.6.LTS\lib\</path>
         <kind>archive</kind>
         <file>rtsv7M4_T_le_v4SPD16_eabi.lib</file>
         <name>_printfi.obj</name>
      </input_file>
      <input_file id="fl-d9">
         <path>C:\ti\ccsv7\tools\compiler\ti-cgt-arm_16.9.6.LTS\lib\</path>
         <kind>archive</kind>
         <file>rtsv7M4_T_le_v4SPD16_eabi.lib</file>
         <name>args_main.obj</name>
      </input_file>
      <input_file id="fl-da">
         <path>C:\ti\ccsv7\tools\compiler\ti-cgt-arm_16.9.6.LTS\lib\</path>
         <kind>archive</kind>
         <file>rtsv7M4_T_le_v4SPD16_eabi.lib</file>
         <name>atoi.obj</name>
      </input_file>
      <input_file id="fl-db">
         <path>C:\ti\ccsv7\tools\compiler\ti-cgt-arm_16.9.6.LTS\lib\</path>
         <kind>archive</kind>
         <file>rtsv7M4_T_le_v4SPD16_eabi.lib</file>
         <name>autoinit.obj</name>
      </input_file>
      <input_file id="fl-dc">
         <path>C:\ti\ccsv7\tools\compiler\ti-cgt-arm_16.9.6.LTS\lib\</path>
         <kind>archive</kind>
         <file>rtsv7M4_T_le_v4SPD16_eabi.lib</file>
         <name>cpy_tbl.obj</name>
      </input_file>
      <input_file id="fl-dd">
         <path>C:\ti\ccsv7\tools\compiler\ti-cgt-arm_16.9.6.LTS\lib\</path>
         <kind>archive</kind>
         <file>rtsv7M4_T_le_v4SPD16_eabi.lib</file>
         <name>ctype.obj</name>
      </input_file>
      <input_file id="fl-de">
         <path>C:\ti\ccsv7\tools\compiler\ti-cgt-arm_16.9.6.LTS\lib\</path>
         <kind>archive</kind>
         <file>rtsv7M4_T_le_v4SPD16_eabi.lib</file>
         <name>fd_add_t2.obj</name>
      </input_file>
      <input_file id="fl-df">
         <path>C:\ti\ccsv7\tools\compiler\ti-cgt-arm_16.9.6.LTS\lib\</path>
         <kind>archive</kind>
         <file>rtsv7M4_T_le_v4SPD16_eabi.lib</file>
         <name>fd_cmp_t2.obj</name>
      </input_file>
      <input_file id="fl-e0">
         <path>C:\ti\ccsv7\tools\compiler\ti-cgt-arm_16.9.6.LTS\lib\</path>
         <kind>archive</kind>
         <file>rtsv7M4_T_le_v4SPD16_eabi.lib</file>
         <name>fd_div_t2.obj</name>
      </input_file>
      <input_file id="fl-e1">
         <path>C:\ti\ccsv7\tools\compiler\ti-cgt-arm_16.9.6.LTS\lib\</path>
         <kind>archive</kind>
         <file>rtsv7M4_T_le_v4SPD16_eabi.lib</file>
         <name>fd_mul_t2.obj</name>
      </input_file>
      <input_file id="fl-e2">
         <path>C:\ti\ccsv7\tools\compiler\ti-cgt-arm_16.9.6.LTS\lib\</path>
         <kind>archive</kind>
         <file>rtsv7M4_T_le_v4SPD16_eabi.lib</file>
         <name>fd_toi_t2.obj</name>
      </input_file>
      <input_file id="fl-e3">
         <path>C:\ti\ccsv7\tools\compiler\ti-cgt-arm_16.9.6.LTS\lib\</path>
         <kind>archive</kind>
         <file>rtsv7M4_T_le_v4SPD16_eabi.lib</file>
         <name>i_tofd_t2.obj</name>
      </input_file>
      <input_file id="fl-e4">
         <path>C:\ti\ccsv7\tools\compiler\ti-cgt-arm_16.9.6.LTS\lib\</path>
         <kind>archive</kind>
         <file>rtsv7M4_T_le_v4SPD16_eabi.lib</file>
         <name>ltoa.obj</name>
      </input_file>
      <input_file id="fl-e5">
         <path>C:\ti\ccsv7\tools\compiler\ti-cgt-arm_16.9.6.LTS\lib\</path>
         <kind>archive</kind>
         <file>rtsv7M4_T_le_v4SPD16_eabi.lib</file>
         <name>memccpy.obj</name>
      </input_file>
      <input_file id="fl-e6">
         <path>C:\ti\ccsv7\tools\compiler\ti-cgt-arm_16.9.6.LTS\lib\</path>
         <kind>archive</kind>
         <file>rtsv7M4_T_le_v4SPD16_eabi.lib</file>
         <name>s_frexp.obj</name>
      </input_file>
      <input_file id="fl-e7">
         <path>C:\ti\ccsv7\tools\compiler\ti-cgt-arm_16.9.6.LTS\lib\</path>
         <kind>archive</kind>
         <file>rtsv7M4_T_le_v4SPD16_eabi.lib</file>
         <name>s_scalbn.obj</name>
      </input_file>
      <input_file id="fl-e8">
         <path>C:\ti\ccsv7\tools\compiler\ti-cgt-arm_16.9.6.LTS\lib\</path>
         <kind>archive</kind>
         <file>rtsv7M4_T_le_v4SPD16_eabi.lib</file>
         <name>startup.obj</name>
      </input_file>
      <input_file id="fl-e9">
         <path>C:\ti\ccsv7\tools\compiler\ti-cgt-arm_16.9.6.LTS\lib\</path>
         <kind>archive</kind>
         <file>rtsv7M4_T_le_v4SPD16_eabi.lib</file>
         <name>strchr.obj</name>
      </input_file>
      <input_file id="fl-ea">
         <path>C:\ti\ccsv7\tools\compiler\ti-cgt-arm_16.9.6.LTS\lib\</path>
         <kind>archive</kind>
         <file>rtsv7M4_T_le_v4SPD16_eabi.lib</file>
         <name>strlen.obj</name>
      </input_file>
      <input_file id="fl-eb">
         <path>C:\ti\ccsv7\tools\compiler\ti-cgt-arm_16.9.6.LTS\lib\</path>
         <kind>archive</kind>
         <file>rtsv7M4_T_le_v4SPD16_eabi.lib</file>
         <name>ull_div_t2.obj</name>
      </input_file>
      <input_file id="fl-ec">
         <path>C:\ti\ccsv7\tools\compiler\ti-cgt-arm_16.9.6.LTS\lib\</path>
         <kind>archive</kind>
         <file>rtsv7M4_T_le_v4SPD16_eabi.lib</file>
         <name>errno.obj</name>
      </input_file>
      <input_file id="fl-ed">
         <path>C:\ti\ccsv7\tools\compiler\ti-cgt-arm_16.9.6.LTS\lib\</path>
         <kind>archive</kind>
         <file>rtsv7M4_T_le_v4SPD16_eabi.lib</file>
         <name>s_copysign.obj</name>
      </input_file>
   </input_file_list>
   <object_component_list>
      <object_component id="oc-28">
         <name>.intvecs:retain</name>
         <load_address>0x0</load_address>
         <run_address>0x0</run_address>
         <size>0xe4</size>
         <input_file_ref idref="fl-8"/>
      </object_component>
      <object_component id="oc-f0">
         <name>.text</name>
         <load_address>0xe4</load_address>
         <run_address>0xe4</run_address>
         <size>0x1420</size>
         <input_file_ref idref="fl-5"/>
      </object_component>
      <object_component id="oc-1cd">
         <name>.text</name>
         <load_address>0x1504</load_address>
         <run_address>0x1504</run_address>
         <size>0x113e</size>
         <input_file_ref idref="fl-d8"/>
      </object_component>
      <object_component id="oc-4f">
         <name>.text</name>
         <load_address>0x2642</load_address>
         <run_address>0x2642</run_address>
         <size>0x2</size>
         <input_file_ref idref="fl-d3"/>
      </object_component>
      <object_component id="oc-de">
         <name>.text</name>
         <load_address>0x2644</load_address>
         <run_address>0x2644</run_address>
         <size>0xa9c</size>
         <input_file_ref idref="fl-3"/>
      </object_component>
      <object_component id="oc-e4">
         <name>.text</name>
         <load_address>0x30e0</load_address>
         <run_address>0x30e0</run_address>
         <size>0x404</size>
         <input_file_ref idref="fl-4"/>
      </object_component>
      <object_component id="oc-7d">
         <name>.text</name>
         <load_address>0x34e4</load_address>
         <run_address>0x34e4</run_address>
         <size>0x3fc</size>
         <input_file_ref idref="fl-7"/>
      </object_component>
      <object_component id="oc-b9">
         <name>.text</name>
         <load_address>0x38e0</load_address>
         <run_address>0x38e0</run_address>
         <size>0x328</size>
         <input_file_ref idref="fl-b"/>
      </object_component>
      <object_component id="oc-77">
         <name>.text</name>
         <load_address>0x3c08</load_address>
         <run_address>0x3c08</run_address>
         <size>0x200</size>
         <input_file_ref idref="fl-2"/>
      </object_component>
      <object_component id="oc-272">
         <name>.text</name>
         <load_address>0x3e08</load_address>
         <run_address>0x3e08</run_address>
         <size>0x1f4</size>
         <input_file_ref idref="fl-eb"/>
      </object_component>
      <object_component id="oc-2a1">
         <name>.text</name>
         <load_address>0x3ffc</load_address>
         <run_address>0x3ffc</run_address>
         <size>0x1b6</size>
         <input_file_ref idref="fl-de"/>
      </object_component>
      <object_component id="oc-287">
         <name>.text</name>
         <load_address>0x41b2</load_address>
         <run_address>0x41b2</run_address>
         <size>0x136</size>
         <input_file_ref idref="fl-e0"/>
      </object_component>
      <object_component id="oc-2e1">
         <name>.text:CS_getDCOFrequency</name>
         <load_address>0x42e8</load_address>
         <run_address>0x42e8</run_address>
         <size>0x104</size>
         <input_file_ref idref="fl-11"/>
      </object_component>
      <object_component id="oc-282">
         <name>.text</name>
         <load_address>0x43ec</load_address>
         <run_address>0x43ec</run_address>
         <size>0xfc</size>
         <input_file_ref idref="fl-e1"/>
      </object_component>
      <object_component id="oc-2ac">
         <name>.text</name>
         <load_address>0x44e8</load_address>
         <run_address>0x44e8</run_address>
         <size>0xfc</size>
         <input_file_ref idref="fl-e7"/>
      </object_component>
      <object_component id="oc-cc">
         <name>.text</name>
         <load_address>0x45e4</load_address>
         <run_address>0x45e4</run_address>
         <size>0xcc</size>
         <input_file_ref idref="fl-6"/>
      </object_component>
      <object_component id="oc-211">
         <name>.text:CS_startHFXTWithTimeout</name>
         <load_address>0x46b0</load_address>
         <run_address>0x46b0</run_address>
         <size>0x9c</size>
         <input_file_ref idref="fl-11"/>
      </object_component>
      <object_component id="oc-176">
         <name>.text:CS_startLFXTWithTimeout</name>
         <load_address>0x474c</load_address>
         <run_address>0x474c</run_address>
         <size>0x9c</size>
         <input_file_ref idref="fl-11"/>
      </object_component>
      <object_component id="oc-209">
         <name>.text:_CSComputeCLKFrequency</name>
         <load_address>0x47e8</load_address>
         <run_address>0x47e8</run_address>
         <size>0x9c</size>
         <input_file_ref idref="fl-11"/>
      </object_component>
      <object_component id="oc-37">
         <name>.text</name>
         <load_address>0x4884</load_address>
         <run_address>0x4884</run_address>
         <size>0x9c</size>
         <input_file_ref idref="fl-d1"/>
      </object_component>
      <object_component id="oc-27d">
         <name>.text:__aeabi_cdcmple</name>
         <load_address>0x4920</load_address>
         <run_address>0x4920</run_address>
         <size>0x86</size>
         <input_file_ref idref="fl-df"/>
      </object_component>
      <object_component id="oc-28c">
         <name>.text:__aeabi_cdrcmple</name>
         <load_address>0x49a6</load_address>
         <run_address>0x49a6</run_address>
         <size>0x86</size>
         <input_file_ref idref="fl-df"/>
      </object_component>
      <object_component id="oc-43">
         <name>.text</name>
         <load_address>0x4a2c</load_address>
         <run_address>0x4a2c</run_address>
         <size>0x7a</size>
         <input_file_ref idref="fl-d2"/>
      </object_component>
      <object_component id="oc-a4">
         <name>.text</name>
         <load_address>0x4aa6</load_address>
         <run_address>0x4aa6</run_address>
         <size>0x2</size>
         <input_file_ref idref="fl-e8"/>
      </object_component>
      <object_component id="oc-2ee">
         <name>.text:_CSGetHFXTFrequency</name>
         <load_address>0x4aa8</load_address>
         <run_address>0x4aa8</run_address>
         <size>0x70</size>
         <input_file_ref idref="fl-11"/>
      </object_component>
      <object_component id="oc-5b">
         <name>.text</name>
         <load_address>0x4b18</load_address>
         <run_address>0x4b18</run_address>
         <size>0x70</size>
         <input_file_ref idref="fl-db"/>
      </object_component>
      <object_component id="oc-10">
         <name>.text:decompress:lzss</name>
         <load_address>0x4b88</load_address>
         <run_address>0x4b88</run_address>
         <size>0x68</size>
         <input_file_ref idref="fl-cc"/>
      </object_component>
      <object_component id="oc-2a6">
         <name>.text</name>
         <load_address>0x4bf0</load_address>
         <run_address>0x4bf0</run_address>
         <size>0x64</size>
         <input_file_ref idref="fl-e6"/>
      </object_component>
      <object_component id="oc-f6">
         <name>.text</name>
         <load_address>0x4c54</load_address>
         <run_address>0x4c54</run_address>
         <size>0x60</size>
         <input_file_ref idref="fl-d5"/>
      </object_component>
      <object_component id="oc-22">
         <name>.text</name>
         <load_address>0x4cb4</load_address>
         <run_address>0x4cb4</run_address>
         <size>0x54</size>
         <input_file_ref idref="fl-cb"/>
      </object_component>
      <object_component id="oc-67">
         <name>.text</name>
         <load_address>0x4d08</load_address>
         <run_address>0x4d08</run_address>
         <size>0x54</size>
         <input_file_ref idref="fl-cf"/>
      </object_component>
      <object_component id="oc-296">
         <name>.text</name>
         <load_address>0x4d5c</load_address>
         <run_address>0x4d5c</run_address>
         <size>0x54</size>
         <input_file_ref idref="fl-e4"/>
      </object_component>
      <object_component id="oc-338">
         <name>.text:SysCtl_getTLVInfo</name>
         <load_address>0x4db0</load_address>
         <run_address>0x4db0</run_address>
         <size>0x50</size>
         <input_file_ref idref="fl-14"/>
      </object_component>
      <object_component id="oc-ea">
         <name>.text</name>
         <load_address>0x4e00</load_address>
         <run_address>0x4e00</run_address>
         <size>0x50</size>
         <input_file_ref idref="fl-a"/>
      </object_component>
      <object_component id="oc-332">
         <name>.text:_CSGetDOCFrequency</name>
         <load_address>0x4e50</load_address>
         <run_address>0x4e50</run_address>
         <size>0x4c</size>
         <input_file_ref idref="fl-11"/>
      </object_component>
      <object_component id="oc-2b8">
         <name>.text</name>
         <load_address>0x4e9c</load_address>
         <run_address>0x4e9c</run_address>
         <size>0x4c</size>
         <input_file_ref idref="fl-da"/>
      </object_component>
      <object_component id="oc-9e">
         <name>.text</name>
         <load_address>0x4ee8</load_address>
         <run_address>0x4ee8</run_address>
         <size>0x4c</size>
         <input_file_ref idref="fl-dc"/>
      </object_component>
      <object_component id="oc-2db">
         <name>.text:_CSGetDividerValue</name>
         <load_address>0x4f34</load_address>
         <run_address>0x4f34</run_address>
         <size>0x48</size>
         <input_file_ref idref="fl-11"/>
      </object_component>
      <object_component id="oc-291">
         <name>.text</name>
         <load_address>0x4f7c</load_address>
         <run_address>0x4f7c</run_address>
         <size>0x48</size>
         <input_file_ref idref="fl-e2"/>
      </object_component>
      <object_component id="oc-185">
         <name>.text</name>
         <load_address>0x4fc4</load_address>
         <run_address>0x4fc4</run_address>
         <size>0x38</size>
         <input_file_ref idref="fl-d0"/>
      </object_component>
      <object_component id="oc-29c">
         <name>.text</name>
         <load_address>0x4ffc</load_address>
         <run_address>0x4ffc</run_address>
         <size>0x2e</size>
         <input_file_ref idref="fl-e3"/>
      </object_component>
      <object_component id="oc-2e7">
         <name>.text:CS_clearInterruptFlag</name>
         <load_address>0x502c</load_address>
         <run_address>0x502c</run_address>
         <size>0x24</size>
         <input_file_ref idref="fl-11"/>
      </object_component>
      <object_component id="oc-2be">
         <name>.text</name>
         <load_address>0x5050</load_address>
         <run_address>0x5050</run_address>
         <size>0x1c</size>
         <input_file_ref idref="fl-e5"/>
      </object_component>
      <object_component id="oc-160">
         <name>.text:CS_getMCLK</name>
         <load_address>0x506c</load_address>
         <run_address>0x506c</run_address>
         <size>0x18</size>
         <input_file_ref idref="fl-11"/>
      </object_component>
      <object_component id="oc-15a">
         <name>.text:CS_getSMCLK</name>
         <load_address>0x5084</load_address>
         <run_address>0x5084</run_address>
         <size>0x18</size>
         <input_file_ref idref="fl-11"/>
      </object_component>
      <object_component id="oc-61">
         <name>.text</name>
         <load_address>0x509c</load_address>
         <run_address>0x509c</run_address>
         <size>0x18</size>
         <input_file_ref idref="fl-d9"/>
      </object_component>
      <object_component id="oc-2b2">
         <name>.text</name>
         <load_address>0x50b4</load_address>
         <run_address>0x50b4</run_address>
         <size>0x16</size>
         <input_file_ref idref="fl-e9"/>
      </object_component>
      <object_component id="oc-d2">
         <name>.text:CS_setExternalClockSourceFrequency</name>
         <load_address>0x50cc</load_address>
         <run_address>0x50cc</run_address>
         <size>0x14</size>
         <input_file_ref idref="fl-11"/>
      </object_component>
      <object_component id="oc-13e">
         <name>.text</name>
         <load_address>0x50e0</load_address>
         <run_address>0x50e0</run_address>
         <size>0x14</size>
         <input_file_ref idref="fl-d7"/>
      </object_component>
      <object_component id="oc-316">
         <name>.text</name>
         <load_address>0x50f4</load_address>
         <run_address>0x50f4</run_address>
         <size>0x14</size>
         <input_file_ref idref="fl-ed"/>
      </object_component>
      <object_component id="oc-277">
         <name>.text</name>
         <load_address>0x5108</load_address>
         <run_address>0x5108</run_address>
         <size>0x14</size>
         <input_file_ref idref="fl-ea"/>
      </object_component>
      <object_component id="oc-18d">
         <name>.text:RTC_C_convertBCDToBinary</name>
         <load_address>0x511c</load_address>
         <run_address>0x511c</run_address>
         <size>0x10</size>
         <input_file_ref idref="fl-13"/>
      </object_component>
      <object_component id="oc-fc">
         <name>.text:RTC_C_convertBinaryToBCD</name>
         <load_address>0x512c</load_address>
         <run_address>0x512c</run_address>
         <size>0x10</size>
         <input_file_ref idref="fl-13"/>
      </object_component>
      <object_component id="oc-22c">
         <name>.text:SysCtl_disableNMISource</name>
         <load_address>0x513c</load_address>
         <run_address>0x513c</run_address>
         <size>0x10</size>
         <input_file_ref idref="fl-14"/>
      </object_component>
      <object_component id="oc-232">
         <name>.text:SysCtl_enableNMISource</name>
         <load_address>0x514c</load_address>
         <run_address>0x514c</run_address>
         <size>0x10</size>
         <input_file_ref idref="fl-14"/>
      </object_component>
      <object_component id="oc-16">
         <name>.text:decompress:none</name>
         <load_address>0x515c</load_address>
         <run_address>0x515c</run_address>
         <size>0xe</size>
         <input_file_ref idref="fl-cd"/>
      </object_component>
      <object_component id="oc-71">
         <name>.text</name>
         <load_address>0x516a</load_address>
         <run_address>0x516a</run_address>
         <size>0xe</size>
         <input_file_ref idref="fl-8"/>
      </object_component>
      <object_component id="oc-226">
         <name>.text:SysCtl_getNMISourceStatus</name>
         <load_address>0x5178</load_address>
         <run_address>0x5178</run_address>
         <size>0xc</size>
         <input_file_ref idref="fl-14"/>
      </object_component>
      <object_component id="oc-1c">
         <name>.text:decompress:ZI</name>
         <load_address>0x5184</load_address>
         <run_address>0x5184</run_address>
         <size>0xc</size>
         <input_file_ref idref="fl-ce"/>
      </object_component>
      <object_component id="oc-166">
         <name>.text:CS_startHFXT</name>
         <load_address>0x5190</load_address>
         <run_address>0x5190</run_address>
         <size>0x6</size>
         <input_file_ref idref="fl-11"/>
      </object_component>
      <object_component id="oc-d8">
         <name>.text:CS_startLFXT</name>
         <load_address>0x5196</load_address>
         <run_address>0x5196</run_address>
         <size>0x6</size>
         <input_file_ref idref="fl-11"/>
      </object_component>
      <object_component id="oc-55">
         <name>.text</name>
         <load_address>0x519c</load_address>
         <run_address>0x519c</run_address>
         <size>0x4</size>
         <input_file_ref idref="fl-d4"/>
      </object_component>
      <object_component id="oc-241">
         <name>.const:dark</name>
         <load_address>0x51a0</load_address>
         <run_address>0x51a0</run_address>
         <size>0x800</size>
         <input_file_ref idref="fl-4"/>
      </object_component>
      <object_component id="oc-247">
         <name>.const:overcast</name>
         <load_address>0x59a0</load_address>
         <run_address>0x59a0</run_address>
         <size>0x800</size>
         <input_file_ref idref="fl-4"/>
      </object_component>
      <object_component id="oc-24a">
         <name>.const:partlySunny</name>
         <load_address>0x61a0</load_address>
         <run_address>0x61a0</run_address>
         <size>0x800</size>
         <input_file_ref idref="fl-4"/>
      </object_component>
      <object_component id="oc-24d">
         <name>.const:sunny</name>
         <load_address>0x69a0</load_address>
         <run_address>0x69a0</run_address>
         <size>0x800</size>
         <input_file_ref idref="fl-4"/>
      </object_component>
      <object_component id="oc-244">
         <name>.const:twilight</name>
         <load_address>0x71a0</load_address>
         <run_address>0x71a0</run_address>
         <size>0x800</size>
         <input_file_ref idref="fl-4"/>
      </object_component>
      <object_component id="oc-1b9">
         <name>.const:.string:Font</name>
         <load_address>0x79a0</load_address>
         <run_address>0x79a0</run_address>
         <size>0x4fb</size>
         <input_file_ref idref="fl-5"/>
      </object_component>
      <object_component id="oc-1c4">
         <name>.const:.string:dBfs</name>
         <load_address>0x7e9b</load_address>
         <run_address>0x7e9b</run_address>
         <size>0x200</size>
         <input_file_ref idref="fl-5"/>
      </object_component>
      <object_component id="oc-323">
         <name>.const:.string:_ctypes_</name>
         <load_address>0x809b</load_address>
         <run_address>0x809b</run_address>
         <size>0x101</size>
         <input_file_ref idref="fl-dd"/>
      </object_component>
      <object_component id="oc-1a7">
         <name>.const:.string:Bcmd</name>
         <load_address>0x819c</load_address>
         <run_address>0x819c</run_address>
         <size>0x67</size>
         <input_file_ref idref="fl-5"/>
      </object_component>
      <object_component id="oc-1ad">
         <name>.const:.string:Rcmd1</name>
         <load_address>0x8203</load_address>
         <run_address>0x8203</run_address>
         <size>0x3b</size>
         <input_file_ref idref="fl-5"/>
      </object_component>
      <object_component id="oc-1ed">
         <name>.const:.string</name>
         <load_address>0x8240</load_address>
         <run_address>0x8240</run_address>
         <size>0x2e</size>
         <input_file_ref idref="fl-7"/>
      </object_component>
      <object_component id="oc-1b6">
         <name>.const:.string:Rcmd3</name>
         <load_address>0x826e</load_address>
         <run_address>0x826e</run_address>
         <size>0x2b</size>
         <input_file_ref idref="fl-5"/>
      </object_component>
      <object_component id="oc-252">
         <name>.const:.string</name>
         <load_address>0x829c</load_address>
         <run_address>0x829c</run_address>
         <size>0x2a</size>
         <input_file_ref idref="fl-4"/>
      </object_component>
      <object_component id="oc-102">
         <name>.const:my_keys</name>
         <load_address>0x82c8</load_address>
         <run_address>0x82c8</run_address>
         <size>0x24</size>
         <input_file_ref idref="fl-9"/>
      </object_component>
      <object_component id="oc-1b0">
         <name>.const:.string:Rcmd2green</name>
         <load_address>0x82ec</load_address>
         <run_address>0x82ec</run_address>
         <size>0xd</size>
         <input_file_ref idref="fl-5"/>
      </object_component>
      <object_component id="oc-1b3">
         <name>.const:.string:Rcmd2red</name>
         <load_address>0x82f9</load_address>
         <run_address>0x82f9</run_address>
         <size>0xd</size>
         <input_file_ref idref="fl-5"/>
      </object_component>
      <object_component id="oc-115">
         <name>.const:down_element</name>
         <load_address>0x8306</load_address>
         <run_address>0x8306</run_address>
         <size>0x6</size>
         <input_file_ref idref="fl-9"/>
      </object_component>
      <object_component id="oc-10f">
         <name>.const:select_element</name>
         <load_address>0x830c</load_address>
         <run_address>0x830c</run_address>
         <size>0x6</size>
         <input_file_ref idref="fl-9"/>
      </object_component>
      <object_component id="oc-118">
         <name>.const:up_element</name>
         <load_address>0x8312</load_address>
         <run_address>0x8312</run_address>
         <size>0x6</size>
         <input_file_ref idref="fl-9"/>
      </object_component>
      <object_component id="oc-37d">
         <name>.cinit..data.load</name>
         <load_address>0x8318</load_address>
         <run_address>0x8318</run_address>
         <size>0xa3</size>
      </object_component>
      <object_component id="oc-37b">
         <name>__TI_handler_table</name>
         <load_address>0x83bc</load_address>
         <run_address>0x83bc</run_address>
         <size>0xc</size>
      </object_component>
      <object_component id="oc-37e">
         <name>.cinit..bss.load</name>
         <load_address>0x83c8</load_address>
         <run_address>0x83c8</run_address>
         <size>0x8</size>
      </object_component>
      <object_component id="oc-37c">
         <name>__TI_cinit_table</name>
         <load_address>0x83d0</load_address>
         <run_address>0x83d0</run_address>
         <size>0x10</size>
      </object_component>
      <object_component id="oc-181">
         <name>.data</name>
         <load_address>0x20000140</load_address>
         <run_address>0x20000140</run_address>
         <size>0x2</size>
         <input_file_ref idref="fl-3"/>
      </object_component>
      <object_component id="oc-18a">
         <name>.data</name>
         <load_address>0x2000012c</load_address>
         <run_address>0x2000012c</run_address>
         <size>0x7</size>
         <input_file_ref idref="fl-4"/>
      </object_component>
      <object_component id="oc-196">
         <name>.data:inside</name>
         <load_address>0x200000c4</load_address>
         <run_address>0x200000c4</run_address>
         <size>0x18</size>
         <input_file_ref idref="fl-4"/>
      </object_component>
      <object_component id="oc-199">
         <name>.data:outside</name>
         <load_address>0x200000dc</load_address>
         <run_address>0x200000dc</run_address>
         <size>0x18</size>
         <input_file_ref idref="fl-4"/>
      </object_component>
      <object_component id="oc-193">
         <name>.data:light_status_items</name>
         <load_address>0x20000000</load_address>
         <run_address>0x20000000</run_address>
         <size>0x78</size>
         <input_file_ref idref="fl-4"/>
      </object_component>
      <object_component id="oc-1aa">
         <name>.data</name>
         <load_address>0x200000f4</load_address>
         <run_address>0x200000f4</run_address>
         <size>0x14</size>
         <input_file_ref idref="fl-5"/>
      </object_component>
      <object_component id="oc-112">
         <name>.data:currentTime</name>
         <load_address>0x200000a8</load_address>
         <run_address>0x200000a8</run_address>
         <size>0x1c</size>
         <input_file_ref idref="fl-7"/>
      </object_component>
      <object_component id="oc-109">
         <name>.data</name>
         <load_address>0x20000108</load_address>
         <run_address>0x20000108</run_address>
         <size>0x10</size>
         <input_file_ref idref="fl-7"/>
      </object_component>
      <object_component id="oc-10c">
         <name>.data:setup_steps</name>
         <load_address>0x20000078</load_address>
         <run_address>0x20000078</run_address>
         <size>0x30</size>
         <input_file_ref idref="fl-7"/>
      </object_component>
      <object_component id="oc-14a">
         <name>.data</name>
         <load_address>0x2000013c</load_address>
         <run_address>0x2000013c</run_address>
         <size>0x4</size>
         <input_file_ref idref="fl-b"/>
      </object_component>
      <object_component id="oc-ae">
         <name>.data:$O1$$</name>
         <load_address>0x20000118</load_address>
         <run_address>0x20000118</run_address>
         <size>0xc</size>
         <input_file_ref idref="fl-cf"/>
      </object_component>
      <object_component id="oc-6d">
         <name>.data</name>
         <load_address>0x20000138</load_address>
         <run_address>0x20000138</run_address>
         <size>0x4</size>
         <input_file_ref idref="fl-d6"/>
      </object_component>
      <object_component id="oc-b1">
         <name>.data:$O1$$</name>
         <load_address>0x20000124</load_address>
         <run_address>0x20000124</run_address>
         <size>0x8</size>
         <input_file_ref idref="fl-d7"/>
      </object_component>
      <object_component id="oc-31c">
         <name>.data</name>
         <load_address>0x20000134</load_address>
         <run_address>0x20000134</run_address>
         <size>0x4</size>
         <input_file_ref idref="fl-ec"/>
      </object_component>
      <object_component id="oc-1a4">
         <name>.bss</name>
         <uninitialized>true</uninitialized>
         <run_address>0x20000190</run_address>
         <size>0x4</size>
         <input_file_ref idref="fl-5"/>
      </object_component>
      <object_component id="oc-180">
         <name>.common:baseCnt</name>
         <uninitialized>true</uninitialized>
         <run_address>0x2000016c</run_address>
         <size>0xc</size>
      </object_component>
      <object_component id="oc-17d">
         <name>.common:measCnt</name>
         <uninitialized>true</uninitialized>
         <run_address>0x20000180</run_address>
         <size>0x8</size>
      </object_component>
      <object_component id="oc-1bc">
         <name>.common:Message</name>
         <uninitialized>true</uninitialized>
         <run_address>0x20000160</run_address>
         <size>0xc</size>
      </object_component>
      <object_component id="oc-1bf">
         <name>.common:Messageindex</name>
         <uninitialized>true</uninitialized>
         <run_address>0x20000198</run_address>
         <size>0x4</size>
      </object_component>
      <object_component id="oc-1c0">
         <name>.common:Ymax</name>
         <uninitialized>true</uninitialized>
         <run_address>0x200001a4</run_address>
         <size>0x4</size>
      </object_component>
      <object_component id="oc-1c1">
         <name>.common:Ymin</name>
         <uninitialized>true</uninitialized>
         <run_address>0x200001a8</run_address>
         <size>0x4</size>
      </object_component>
      <object_component id="oc-1c3">
         <name>.common:X</name>
         <uninitialized>true</uninitialized>
         <run_address>0x200001a0</run_address>
         <size>0x4</size>
      </object_component>
      <object_component id="oc-1c2">
         <name>.common:Yrange</name>
         <uninitialized>true</uninitialized>
         <run_address>0x200001ac</run_address>
         <size>0x4</size>
      </object_component>
      <object_component id="oc-16c">
         <name>.common:MCLKfreq</name>
         <uninitialized>true</uninitialized>
         <run_address>0x20000194</run_address>
         <size>0x4</size>
      </object_component>
      <object_component id="oc-16f">
         <name>.common:SMCLKfreq</name>
         <uninitialized>true</uninitialized>
         <run_address>0x2000019c</run_address>
         <size>0x4</size>
      </object_component>
      <object_component id="oc-108">
         <name>.common:raw_count</name>
         <uninitialized>true</uninitialized>
         <run_address>0x20000188</run_address>
         <size>0x8</size>
      </object_component>
      <object_component id="oc-105">
         <name>.common:delta_count</name>
         <uninitialized>true</uninitialized>
         <run_address>0x20000178</run_address>
         <size>0x8</size>
      </object_component>
      <object_component id="oc-11b">
         <name>.common:newtime</name>
         <uninitialized>true</uninitialized>
         <run_address>0x20000144</run_address>
         <size>0x1c</size>
      </object_component>
      <object_component id="oc-174">
         <name>.common:hfxtFreq</name>
         <uninitialized>true</uninitialized>
         <run_address>0x200001b0</run_address>
         <size>0x4</size>
      </object_component>
      <object_component id="oc-171">
         <name>.common:lfxtFreq</name>
         <uninitialized>true</uninitialized>
         <run_address>0x200001b4</run_address>
         <size>0x4</size>
      </object_component>
      <object_component id="oc-2b">
         <name>.stack</name>
         <uninitialized>true</uninitialized>
         <run_address>0x2000fe00</run_address>
         <size>0x0</size>
         <input_file_ref idref="fl-cb"/>
      </object_component>
      <object_component id="oc-37f">
         <name>.stack</name>
         <uninitialized>true</uninitialized>
         <run_address>0x2000fe00</run_address>
         <size>0x0</size>
      </object_component>
      <object_component id="oc-c1">
         <name>.debug_info</name>
         <load_address>0x0</load_address>
         <run_address>0x0</run_address>
         <size>0x594</size>
         <input_file_ref idref="fl-2"/>
      </object_component>
      <object_component id="oc-78">
         <name>.debug_info</name>
         <load_address>0x594</load_address>
         <run_address>0x594</run_address>
         <size>0x598</size>
         <input_file_ref idref="fl-2"/>
      </object_component>
      <object_component id="oc-150">
         <name>.debug_info</name>
         <load_address>0xb2c</load_address>
         <run_address>0xb2c</run_address>
         <size>0x1055</size>
         <input_file_ref idref="fl-2"/>
      </object_component>
      <object_component id="oc-c7">
         <name>.debug_info</name>
         <load_address>0x1b81</load_address>
         <run_address>0x1b81</run_address>
         <size>0x37e2</size>
         <input_file_ref idref="fl-2"/>
      </object_component>
      <object_component id="oc-155">
         <name>.debug_info</name>
         <load_address>0x5363</load_address>
         <run_address>0x5363</run_address>
         <size>0x12b</size>
         <input_file_ref idref="fl-2"/>
      </object_component>
      <object_component id="oc-32">
         <name>.debug_info</name>
         <load_address>0x548e</load_address>
         <run_address>0x548e</run_address>
         <size>0x84</size>
         <input_file_ref idref="fl-2"/>
      </object_component>
      <object_component id="oc-c2">
         <name>.debug_info</name>
         <load_address>0x5512</load_address>
         <run_address>0x5512</run_address>
         <size>0x18b</size>
         <input_file_ref idref="fl-2"/>
      </object_component>
      <object_component id="oc-17e">
         <name>.debug_info</name>
         <load_address>0x569d</load_address>
         <run_address>0x569d</run_address>
         <size>0x5d9</size>
         <input_file_ref idref="fl-3"/>
      </object_component>
      <object_component id="oc-182">
         <name>.debug_info</name>
         <load_address>0x5c76</load_address>
         <run_address>0x5c76</run_address>
         <size>0xe7</size>
         <input_file_ref idref="fl-3"/>
      </object_component>
      <object_component id="oc-df">
         <name>.debug_info</name>
         <load_address>0x5d5d</load_address>
         <run_address>0x5d5d</run_address>
         <size>0xa9b</size>
         <input_file_ref idref="fl-3"/>
      </object_component>
      <object_component id="oc-1a2">
         <name>.debug_info</name>
         <load_address>0x67f8</load_address>
         <run_address>0x67f8</run_address>
         <size>0x7be</size>
         <input_file_ref idref="fl-4"/>
      </object_component>
      <object_component id="oc-242">
         <name>.debug_info</name>
         <load_address>0x6fb6</load_address>
         <run_address>0x6fb6</run_address>
         <size>0xd1</size>
         <input_file_ref idref="fl-4"/>
      </object_component>
      <object_component id="oc-248">
         <name>.debug_info</name>
         <load_address>0x7087</load_address>
         <run_address>0x7087</run_address>
         <size>0xd9</size>
         <input_file_ref idref="fl-4"/>
      </object_component>
      <object_component id="oc-24b">
         <name>.debug_info</name>
         <load_address>0x7160</load_address>
         <run_address>0x7160</run_address>
         <size>0xdf</size>
         <input_file_ref idref="fl-4"/>
      </object_component>
      <object_component id="oc-24e">
         <name>.debug_info</name>
         <load_address>0x723f</load_address>
         <run_address>0x723f</run_address>
         <size>0xd3</size>
         <input_file_ref idref="fl-4"/>
      </object_component>
      <object_component id="oc-245">
         <name>.debug_info</name>
         <load_address>0x7312</load_address>
         <run_address>0x7312</run_address>
         <size>0xd9</size>
         <input_file_ref idref="fl-4"/>
      </object_component>
      <object_component id="oc-18b">
         <name>.debug_info</name>
         <load_address>0x73eb</load_address>
         <run_address>0x73eb</run_address>
         <size>0x16e</size>
         <input_file_ref idref="fl-4"/>
      </object_component>
      <object_component id="oc-197">
         <name>.debug_info</name>
         <load_address>0x7559</load_address>
         <run_address>0x7559</run_address>
         <size>0xd5</size>
         <input_file_ref idref="fl-4"/>
      </object_component>
      <object_component id="oc-19a">
         <name>.debug_info</name>
         <load_address>0x762e</load_address>
         <run_address>0x762e</run_address>
         <size>0xd7</size>
         <input_file_ref idref="fl-4"/>
      </object_component>
      <object_component id="oc-194">
         <name>.debug_info</name>
         <load_address>0x7705</load_address>
         <run_address>0x7705</run_address>
         <size>0xed</size>
         <input_file_ref idref="fl-4"/>
      </object_component>
      <object_component id="oc-e5">
         <name>.debug_info</name>
         <load_address>0x77f2</load_address>
         <run_address>0x77f2</run_address>
         <size>0x87f</size>
         <input_file_ref idref="fl-4"/>
      </object_component>
      <object_component id="oc-19d">
         <name>.debug_info</name>
         <load_address>0x8071</load_address>
         <run_address>0x8071</run_address>
         <size>0x2d8</size>
         <input_file_ref idref="fl-4"/>
      </object_component>
      <object_component id="oc-21c">
         <name>.debug_info</name>
         <load_address>0x8349</load_address>
         <run_address>0x8349</run_address>
         <size>0x1b5</size>
         <input_file_ref idref="fl-4"/>
      </object_component>
      <object_component id="oc-26b">
         <name>.debug_info</name>
         <load_address>0x84fe</load_address>
         <run_address>0x84fe</run_address>
         <size>0xc8</size>
         <input_file_ref idref="fl-4"/>
      </object_component>
      <object_component id="oc-1e1">
         <name>.debug_info</name>
         <load_address>0x85c6</load_address>
         <run_address>0x85c6</run_address>
         <size>0xc6</size>
         <input_file_ref idref="fl-4"/>
      </object_component>
      <object_component id="oc-1d5">
         <name>.debug_info</name>
         <load_address>0x868c</load_address>
         <run_address>0x868c</run_address>
         <size>0x4e</size>
         <input_file_ref idref="fl-4"/>
      </object_component>
      <object_component id="oc-1c8">
         <name>.debug_info</name>
         <load_address>0x86da</load_address>
         <run_address>0x86da</run_address>
         <size>0x51</size>
         <input_file_ref idref="fl-4"/>
      </object_component>
      <object_component id="oc-1bd">
         <name>.debug_info</name>
         <load_address>0x872b</load_address>
         <run_address>0x872b</run_address>
         <size>0x665</size>
         <input_file_ref idref="fl-5"/>
      </object_component>
      <object_component id="oc-1ab">
         <name>.debug_info</name>
         <load_address>0x8d90</load_address>
         <run_address>0x8d90</run_address>
         <size>0x168</size>
         <input_file_ref idref="fl-5"/>
      </object_component>
      <object_component id="oc-1ba">
         <name>.debug_info</name>
         <load_address>0x8ef8</load_address>
         <run_address>0x8ef8</run_address>
         <size>0xd3</size>
         <input_file_ref idref="fl-5"/>
      </object_component>
      <object_component id="oc-1a5">
         <name>.debug_info</name>
         <load_address>0x8fcb</load_address>
         <run_address>0x8fcb</run_address>
         <size>0x13f</size>
         <input_file_ref idref="fl-5"/>
      </object_component>
      <object_component id="oc-1a8">
         <name>.debug_info</name>
         <load_address>0x910a</load_address>
         <run_address>0x910a</run_address>
         <size>0xd4</size>
         <input_file_ref idref="fl-5"/>
      </object_component>
      <object_component id="oc-1ae">
         <name>.debug_info</name>
         <load_address>0x91de</load_address>
         <run_address>0x91de</run_address>
         <size>0xd6</size>
         <input_file_ref idref="fl-5"/>
      </object_component>
      <object_component id="oc-1b1">
         <name>.debug_info</name>
         <load_address>0x92b4</load_address>
         <run_address>0x92b4</run_address>
         <size>0xe0</size>
         <input_file_ref idref="fl-5"/>
      </object_component>
      <object_component id="oc-1b4">
         <name>.debug_info</name>
         <load_address>0x9394</load_address>
         <run_address>0x9394</run_address>
         <size>0xdc</size>
         <input_file_ref idref="fl-5"/>
      </object_component>
      <object_component id="oc-1b7">
         <name>.debug_info</name>
         <load_address>0x9470</load_address>
         <run_address>0x9470</run_address>
         <size>0xd6</size>
         <input_file_ref idref="fl-5"/>
      </object_component>
      <object_component id="oc-1c5">
         <name>.debug_info</name>
         <load_address>0x9546</load_address>
         <run_address>0x9546</run_address>
         <size>0xd5</size>
         <input_file_ref idref="fl-5"/>
      </object_component>
      <object_component id="oc-f1">
         <name>.debug_info</name>
         <load_address>0x961b</load_address>
         <run_address>0x961b</run_address>
         <size>0x22a1</size>
         <input_file_ref idref="fl-5"/>
      </object_component>
      <object_component id="oc-16d">
         <name>.debug_info</name>
         <load_address>0xb8bc</load_address>
         <run_address>0xb8bc</run_address>
         <size>0x647</size>
         <input_file_ref idref="fl-6"/>
      </object_component>
      <object_component id="oc-cf">
         <name>.debug_info</name>
         <load_address>0xbf03</load_address>
         <run_address>0xbf03</run_address>
         <size>0x2eb</size>
         <input_file_ref idref="fl-6"/>
      </object_component>
      <object_component id="oc-11d">
         <name>.debug_info</name>
         <load_address>0xc1ee</load_address>
         <run_address>0xc1ee</run_address>
         <size>0x8b</size>
         <input_file_ref idref="fl-6"/>
      </object_component>
      <object_component id="oc-106">
         <name>.debug_info</name>
         <load_address>0xc279</load_address>
         <run_address>0xc279</run_address>
         <size>0xa1b</size>
         <input_file_ref idref="fl-7"/>
      </object_component>
      <object_component id="oc-113">
         <name>.debug_info</name>
         <load_address>0xcc94</load_address>
         <run_address>0xcc94</run_address>
         <size>0xe0</size>
         <input_file_ref idref="fl-7"/>
      </object_component>
      <object_component id="oc-10a">
         <name>.debug_info</name>
         <load_address>0xcd74</load_address>
         <run_address>0xcd74</run_address>
         <size>0x145</size>
         <input_file_ref idref="fl-7"/>
      </object_component>
      <object_component id="oc-10d">
         <name>.debug_info</name>
         <load_address>0xceb9</load_address>
         <run_address>0xceb9</run_address>
         <size>0xe0</size>
         <input_file_ref idref="fl-7"/>
      </object_component>
      <object_component id="oc-7e">
         <name>.debug_info</name>
         <load_address>0xcf99</load_address>
         <run_address>0xcf99</run_address>
         <size>0x4df</size>
         <input_file_ref idref="fl-7"/>
      </object_component>
      <object_component id="oc-95">
         <name>.debug_info</name>
         <load_address>0xd478</load_address>
         <run_address>0xd478</run_address>
         <size>0x2c</size>
         <input_file_ref idref="fl-7"/>
      </object_component>
      <object_component id="oc-1e6">
         <name>.debug_info</name>
         <load_address>0xd4a4</load_address>
         <run_address>0xd4a4</run_address>
         <size>0xb5</size>
         <input_file_ref idref="fl-7"/>
      </object_component>
      <object_component id="oc-85">
         <name>.debug_info</name>
         <load_address>0xd559</load_address>
         <run_address>0xd559</run_address>
         <size>0x2bf</size>
         <input_file_ref idref="fl-8"/>
      </object_component>
      <object_component id="oc-29">
         <name>.debug_info</name>
         <load_address>0xd818</load_address>
         <run_address>0xd818</run_address>
         <size>0xfd</size>
         <input_file_ref idref="fl-8"/>
      </object_component>
      <object_component id="oc-74">
         <name>.debug_info</name>
         <load_address>0xd915</load_address>
         <run_address>0xd915</run_address>
         <size>0x1c4</size>
         <input_file_ref idref="fl-8"/>
      </object_component>
      <object_component id="oc-1de">
         <name>.debug_info</name>
         <load_address>0xdad9</load_address>
         <run_address>0xdad9</run_address>
         <size>0x3ae</size>
         <input_file_ref idref="fl-9"/>
      </object_component>
      <object_component id="oc-119">
         <name>.debug_info</name>
         <load_address>0xde87</load_address>
         <run_address>0xde87</run_address>
         <size>0xe3</size>
         <input_file_ref idref="fl-9"/>
      </object_component>
      <object_component id="oc-116">
         <name>.debug_info</name>
         <load_address>0xdf6a</load_address>
         <run_address>0xdf6a</run_address>
         <size>0xe7</size>
         <input_file_ref idref="fl-9"/>
      </object_component>
      <object_component id="oc-110">
         <name>.debug_info</name>
         <load_address>0xe051</load_address>
         <run_address>0xe051</run_address>
         <size>0xeb</size>
         <input_file_ref idref="fl-9"/>
      </object_component>
      <object_component id="oc-103">
         <name>.debug_info</name>
         <load_address>0xe13c</load_address>
         <run_address>0xe13c</run_address>
         <size>0xdd</size>
         <input_file_ref idref="fl-9"/>
      </object_component>
      <object_component id="oc-eb">
         <name>.debug_info</name>
         <load_address>0xe219</load_address>
         <run_address>0xe219</run_address>
         <size>0x18d</size>
         <input_file_ref idref="fl-a"/>
      </object_component>
      <object_component id="oc-14b">
         <name>.debug_info</name>
         <load_address>0xe3a6</load_address>
         <run_address>0xe3a6</run_address>
         <size>0xf6</size>
         <input_file_ref idref="fl-b"/>
      </object_component>
      <object_component id="oc-bd">
         <name>.debug_info</name>
         <load_address>0xe49c</load_address>
         <run_address>0xe49c</run_address>
         <size>0x268</size>
         <input_file_ref idref="fl-b"/>
      </object_component>
      <object_component id="oc-172">
         <name>.debug_info</name>
         <load_address>0xe704</load_address>
         <run_address>0xe704</run_address>
         <size>0x5ef</size>
         <input_file_ref idref="fl-11"/>
      </object_component>
      <object_component id="oc-179">
         <name>.debug_info</name>
         <load_address>0xecf3</load_address>
         <run_address>0xecf3</run_address>
         <size>0x21a</size>
         <input_file_ref idref="fl-11"/>
      </object_component>
      <object_component id="oc-dc">
         <name>.debug_info</name>
         <load_address>0xef0d</load_address>
         <run_address>0xef0d</run_address>
         <size>0x11c</size>
         <input_file_ref idref="fl-11"/>
      </object_component>
      <object_component id="oc-2f2">
         <name>.debug_info</name>
         <load_address>0xf029</load_address>
         <run_address>0xf029</run_address>
         <size>0xfc</size>
         <input_file_ref idref="fl-11"/>
      </object_component>
      <object_component id="oc-215">
         <name>.debug_info</name>
         <load_address>0xf125</load_address>
         <run_address>0xf125</run_address>
         <size>0x23c</size>
         <input_file_ref idref="fl-11"/>
      </object_component>
      <object_component id="oc-16a">
         <name>.debug_info</name>
         <load_address>0xf361</load_address>
         <run_address>0xf361</run_address>
         <size>0x122</size>
         <input_file_ref idref="fl-11"/>
      </object_component>
      <object_component id="oc-d6">
         <name>.debug_info</name>
         <load_address>0xf483</load_address>
         <run_address>0xf483</run_address>
         <size>0x1dd</size>
         <input_file_ref idref="fl-11"/>
      </object_component>
      <object_component id="oc-2df">
         <name>.debug_info</name>
         <load_address>0xf660</load_address>
         <run_address>0xf660</run_address>
         <size>0x131</size>
         <input_file_ref idref="fl-11"/>
      </object_component>
      <object_component id="oc-336">
         <name>.debug_info</name>
         <load_address>0xf791</load_address>
         <run_address>0xf791</run_address>
         <size>0x129</size>
         <input_file_ref idref="fl-11"/>
      </object_component>
      <object_component id="oc-2e5">
         <name>.debug_info</name>
         <load_address>0xf8ba</load_address>
         <run_address>0xf8ba</run_address>
         <size>0x1dd</size>
         <input_file_ref idref="fl-11"/>
      </object_component>
      <object_component id="oc-2eb">
         <name>.debug_info</name>
         <load_address>0xfa97</load_address>
         <run_address>0xfa97</run_address>
         <size>0x120</size>
         <input_file_ref idref="fl-11"/>
      </object_component>
      <object_component id="oc-20d">
         <name>.debug_info</name>
         <load_address>0xfbb7</load_address>
         <run_address>0xfbb7</run_address>
         <size>0x1d8</size>
         <input_file_ref idref="fl-11"/>
      </object_component>
      <object_component id="oc-15e">
         <name>.debug_info</name>
         <load_address>0xfd8f</load_address>
         <run_address>0xfd8f</run_address>
         <size>0x132</size>
         <input_file_ref idref="fl-11"/>
      </object_component>
      <object_component id="oc-164">
         <name>.debug_info</name>
         <load_address>0xfec1</load_address>
         <run_address>0xfec1</run_address>
         <size>0x130</size>
         <input_file_ref idref="fl-11"/>
      </object_component>
      <object_component id="oc-221">
         <name>.debug_info</name>
         <load_address>0xfff1</load_address>
         <run_address>0xfff1</run_address>
         <size>0x103e</size>
         <input_file_ref idref="fl-11"/>
      </object_component>
      <object_component id="oc-1db">
         <name>.debug_info</name>
         <load_address>0x1102f</load_address>
         <run_address>0x1102f</run_address>
         <size>0x4a3</size>
         <input_file_ref idref="fl-13"/>
      </object_component>
      <object_component id="oc-fd">
         <name>.debug_info</name>
         <load_address>0x114d2</load_address>
         <run_address>0x114d2</run_address>
         <size>0x154</size>
         <input_file_ref idref="fl-13"/>
      </object_component>
      <object_component id="oc-18e">
         <name>.debug_info</name>
         <load_address>0x11626</load_address>
         <run_address>0x11626</run_address>
         <size>0x154</size>
         <input_file_ref idref="fl-13"/>
      </object_component>
      <object_component id="oc-2f7">
         <name>.debug_info</name>
         <load_address>0x1177a</load_address>
         <run_address>0x1177a</run_address>
         <size>0x379</size>
         <input_file_ref idref="fl-14"/>
      </object_component>
      <object_component id="oc-33a">
         <name>.debug_info</name>
         <load_address>0x11af3</load_address>
         <run_address>0x11af3</run_address>
         <size>0x1d6</size>
         <input_file_ref idref="fl-14"/>
      </object_component>
      <object_component id="oc-228">
         <name>.debug_info</name>
         <load_address>0x11cc9</load_address>
         <run_address>0x11cc9</run_address>
         <size>0x10f</size>
         <input_file_ref idref="fl-14"/>
      </object_component>
      <object_component id="oc-234">
         <name>.debug_info</name>
         <load_address>0x11dd8</load_address>
         <run_address>0x11dd8</run_address>
         <size>0x12b</size>
         <input_file_ref idref="fl-14"/>
      </object_component>
      <object_component id="oc-22e">
         <name>.debug_info</name>
         <load_address>0x11f03</load_address>
         <run_address>0x11f03</run_address>
         <size>0x12d</size>
         <input_file_ref idref="fl-14"/>
      </object_component>
      <object_component id="oc-24">
         <name>.debug_info</name>
         <load_address>0x12030</load_address>
         <run_address>0x12030</run_address>
         <size>0x160</size>
         <input_file_ref idref="fl-cb"/>
      </object_component>
      <object_component id="oc-8b">
         <name>.debug_info</name>
         <load_address>0x12190</load_address>
         <run_address>0x12190</run_address>
         <size>0x293</size>
         <input_file_ref idref="fl-cc"/>
      </object_component>
      <object_component id="oc-12">
         <name>.debug_info</name>
         <load_address>0x12423</load_address>
         <run_address>0x12423</run_address>
         <size>0x245</size>
         <input_file_ref idref="fl-cc"/>
      </object_component>
      <object_component id="oc-2d">
         <name>.debug_info</name>
         <load_address>0x12668</load_address>
         <run_address>0x12668</run_address>
         <size>0x60</size>
         <input_file_ref idref="fl-cc"/>
      </object_component>
      <object_component id="oc-86">
         <name>.debug_info</name>
         <load_address>0x126c8</load_address>
         <run_address>0x126c8</run_address>
         <size>0x46</size>
         <input_file_ref idref="fl-cc"/>
      </object_component>
      <object_component id="oc-42">
         <name>.debug_info</name>
         <load_address>0x1270e</load_address>
         <run_address>0x1270e</run_address>
         <size>0x2da</size>
         <input_file_ref idref="fl-cd"/>
      </object_component>
      <object_component id="oc-18">
         <name>.debug_info</name>
         <load_address>0x129e8</load_address>
         <run_address>0x129e8</run_address>
         <size>0x1df</size>
         <input_file_ref idref="fl-cd"/>
      </object_component>
      <object_component id="oc-3d">
         <name>.debug_info</name>
         <load_address>0x12bc7</load_address>
         <run_address>0x12bc7</run_address>
         <size>0x46</size>
         <input_file_ref idref="fl-cd"/>
      </object_component>
      <object_component id="oc-8d">
         <name>.debug_info</name>
         <load_address>0x12c0d</load_address>
         <run_address>0x12c0d</run_address>
         <size>0x2c</size>
         <input_file_ref idref="fl-cd"/>
      </object_component>
      <object_component id="oc-4e">
         <name>.debug_info</name>
         <load_address>0x12c39</load_address>
         <run_address>0x12c39</run_address>
         <size>0x2c9</size>
         <input_file_ref idref="fl-ce"/>
      </object_component>
      <object_component id="oc-20">
         <name>.debug_info</name>
         <load_address>0x12f02</load_address>
         <run_address>0x12f02</run_address>
         <size>0x1aa</size>
         <input_file_ref idref="fl-ce"/>
      </object_component>
      <object_component id="oc-49">
         <name>.debug_info</name>
         <load_address>0x130ac</load_address>
         <run_address>0x130ac</run_address>
         <size>0x46</size>
         <input_file_ref idref="fl-ce"/>
      </object_component>
      <object_component id="oc-b5">
         <name>.debug_info</name>
         <load_address>0x130f2</load_address>
         <run_address>0x130f2</run_address>
         <size>0x3ce</size>
         <input_file_ref idref="fl-cf"/>
      </object_component>
      <object_component id="oc-af">
         <name>.debug_info</name>
         <load_address>0x134c0</load_address>
         <run_address>0x134c0</run_address>
         <size>0x185</size>
         <input_file_ref idref="fl-cf"/>
      </object_component>
      <object_component id="oc-68">
         <name>.debug_info</name>
         <load_address>0x13645</load_address>
         <run_address>0x13645</run_address>
         <size>0x214</size>
         <input_file_ref idref="fl-cf"/>
      </object_component>
      <object_component id="oc-186">
         <name>.debug_info</name>
         <load_address>0x13859</load_address>
         <run_address>0x13859</run_address>
         <size>0x124</size>
         <input_file_ref idref="fl-d0"/>
      </object_component>
      <object_component id="oc-39">
         <name>.debug_info</name>
         <load_address>0x1397d</load_address>
         <run_address>0x1397d</run_address>
         <size>0x111</size>
         <input_file_ref idref="fl-d1"/>
      </object_component>
      <object_component id="oc-46">
         <name>.debug_info</name>
         <load_address>0x13a8e</load_address>
         <run_address>0x13a8e</run_address>
         <size>0x13f</size>
         <input_file_ref idref="fl-d2"/>
      </object_component>
      <object_component id="oc-51">
         <name>.debug_info</name>
         <load_address>0x13bcd</load_address>
         <run_address>0x13bcd</run_address>
         <size>0x138</size>
         <input_file_ref idref="fl-d3"/>
      </object_component>
      <object_component id="oc-56">
         <name>.debug_info</name>
         <load_address>0x13d05</load_address>
         <run_address>0x13d05</run_address>
         <size>0x148</size>
         <input_file_ref idref="fl-d4"/>
      </object_component>
      <object_component id="oc-1d4">
         <name>.debug_info</name>
         <load_address>0x13e4d</load_address>
         <run_address>0x13e4d</run_address>
         <size>0x355</size>
         <input_file_ref idref="fl-d5"/>
      </object_component>
      <object_component id="oc-fa">
         <name>.debug_info</name>
         <load_address>0x141a2</load_address>
         <run_address>0x141a2</run_address>
         <size>0x2e4</size>
         <input_file_ref idref="fl-d5"/>
      </object_component>
      <object_component id="oc-2d0">
         <name>.debug_info</name>
         <load_address>0x14486</load_address>
         <run_address>0x14486</run_address>
         <size>0x2c</size>
         <input_file_ref idref="fl-d5"/>
      </object_component>
      <object_component id="oc-6e">
         <name>.debug_info</name>
         <load_address>0x144b2</load_address>
         <run_address>0x144b2</run_address>
         <size>0x109</size>
         <input_file_ref idref="fl-d6"/>
      </object_component>
      <object_component id="oc-146">
         <name>.debug_info</name>
         <load_address>0x145bb</load_address>
         <run_address>0x145bb</run_address>
         <size>0x2be</size>
         <input_file_ref idref="fl-d7"/>
      </object_component>
      <object_component id="oc-b2">
         <name>.debug_info</name>
         <load_address>0x14879</load_address>
         <run_address>0x14879</run_address>
         <size>0x113</size>
         <input_file_ref idref="fl-d7"/>
      </object_component>
      <object_component id="oc-13f">
         <name>.debug_info</name>
         <load_address>0x1498c</load_address>
         <run_address>0x1498c</run_address>
         <size>0x21f</size>
         <input_file_ref idref="fl-d7"/>
      </object_component>
      <object_component id="oc-2c5">
         <name>.debug_info</name>
         <load_address>0x14bab</load_address>
         <run_address>0x14bab</run_address>
         <size>0x51f</size>
         <input_file_ref idref="fl-d8"/>
      </object_component>
      <object_component id="oc-1ce">
         <name>.debug_info</name>
         <load_address>0x150ca</load_address>
         <run_address>0x150ca</run_address>
         <size>0x1543</size>
         <input_file_ref idref="fl-d8"/>
      </object_component>
      <object_component id="oc-2c6">
         <name>.debug_info</name>
         <load_address>0x1660d</load_address>
         <run_address>0x1660d</run_address>
         <size>0x86</size>
         <input_file_ref idref="fl-d8"/>
      </object_component>
      <object_component id="oc-32c">
         <name>.debug_info</name>
         <load_address>0x16693</load_address>
         <run_address>0x16693</run_address>
         <size>0x46</size>
         <input_file_ref idref="fl-d8"/>
      </object_component>
      <object_component id="oc-2cb">
         <name>.debug_info</name>
         <load_address>0x166d9</load_address>
         <run_address>0x166d9</run_address>
         <size>0x39</size>
         <input_file_ref idref="fl-d8"/>
      </object_component>
      <object_component id="oc-ad">
         <name>.debug_info</name>
         <load_address>0x16712</load_address>
         <run_address>0x16712</run_address>
         <size>0x300</size>
         <input_file_ref idref="fl-d9"/>
      </object_component>
      <object_component id="oc-63">
         <name>.debug_info</name>
         <load_address>0x16a12</load_address>
         <run_address>0x16a12</run_address>
         <size>0x167</size>
         <input_file_ref idref="fl-d9"/>
      </object_component>
      <object_component id="oc-137">
         <name>.debug_info</name>
         <load_address>0x16b79</load_address>
         <run_address>0x16b79</run_address>
         <size>0x5e</size>
         <input_file_ref idref="fl-d9"/>
      </object_component>
      <object_component id="oc-327">
         <name>.debug_info</name>
         <load_address>0x16bd7</load_address>
         <run_address>0x16bd7</run_address>
         <size>0x2ae</size>
         <input_file_ref idref="fl-da"/>
      </object_component>
      <object_component id="oc-2b9">
         <name>.debug_info</name>
         <load_address>0x16e85</load_address>
         <run_address>0x16e85</run_address>
         <size>0x171</size>
         <input_file_ref idref="fl-da"/>
      </object_component>
      <object_component id="oc-ab">
         <name>.debug_info</name>
         <load_address>0x16ff6</load_address>
         <run_address>0x16ff6</run_address>
         <size>0x483</size>
         <input_file_ref idref="fl-db"/>
      </object_component>
      <object_component id="oc-5c">
         <name>.debug_info</name>
         <load_address>0x17479</load_address>
         <run_address>0x17479</run_address>
         <size>0x190</size>
         <input_file_ref idref="fl-db"/>
      </object_component>
      <object_component id="oc-12b">
         <name>.debug_info</name>
         <load_address>0x17609</load_address>
         <run_address>0x17609</run_address>
         <size>0x39</size>
         <input_file_ref idref="fl-db"/>
      </object_component>
      <object_component id="oc-1ff">
         <name>.debug_info</name>
         <load_address>0x17642</load_address>
         <run_address>0x17642</run_address>
         <size>0x39</size>
         <input_file_ref idref="fl-db"/>
      </object_component>
      <object_component id="oc-130">
         <name>.debug_info</name>
         <load_address>0x1767b</load_address>
         <run_address>0x1767b</run_address>
         <size>0xcd</size>
         <input_file_ref idref="fl-db"/>
      </object_component>
      <object_component id="oc-127">
         <name>.debug_info</name>
         <load_address>0x17748</load_address>
         <run_address>0x17748</run_address>
         <size>0x37a</size>
         <input_file_ref idref="fl-dc"/>
      </object_component>
      <object_component id="oc-9f">
         <name>.debug_info</name>
         <load_address>0x17ac2</load_address>
         <run_address>0x17ac2</run_address>
         <size>0x183</size>
         <input_file_ref idref="fl-dc"/>
      </object_component>
      <object_component id="oc-1fa">
         <name>.debug_info</name>
         <load_address>0x17c45</load_address>
         <run_address>0x17c45</run_address>
         <size>0x2c</size>
         <input_file_ref idref="fl-dc"/>
      </object_component>
      <object_component id="oc-352">
         <name>.debug_info</name>
         <load_address>0x17c71</load_address>
         <run_address>0x17c71</run_address>
         <size>0xee</size>
         <input_file_ref idref="fl-dd"/>
      </object_component>
      <object_component id="oc-324">
         <name>.debug_info</name>
         <load_address>0x17d5f</load_address>
         <run_address>0x17d5f</run_address>
         <size>0xfa</size>
         <input_file_ref idref="fl-dd"/>
      </object_component>
      <object_component id="oc-2a2">
         <name>.debug_info</name>
         <load_address>0x17e59</load_address>
         <run_address>0x17e59</run_address>
         <size>0x144</size>
         <input_file_ref idref="fl-de"/>
      </object_component>
      <object_component id="oc-27e">
         <name>.debug_info</name>
         <load_address>0x17f9d</load_address>
         <run_address>0x17f9d</run_address>
         <size>0x120</size>
         <input_file_ref idref="fl-df"/>
      </object_component>
      <object_component id="oc-28d">
         <name>.debug_info</name>
         <load_address>0x180bd</load_address>
         <run_address>0x180bd</run_address>
         <size>0x122</size>
         <input_file_ref idref="fl-df"/>
      </object_component>
      <object_component id="oc-288">
         <name>.debug_info</name>
         <load_address>0x181df</load_address>
         <run_address>0x181df</run_address>
         <size>0x132</size>
         <input_file_ref idref="fl-e0"/>
      </object_component>
      <object_component id="oc-285">
         <name>.debug_info</name>
         <load_address>0x18311</load_address>
         <run_address>0x18311</run_address>
         <size>0x132</size>
         <input_file_ref idref="fl-e1"/>
      </object_component>
      <object_component id="oc-292">
         <name>.debug_info</name>
         <load_address>0x18443</load_address>
         <run_address>0x18443</run_address>
         <size>0x126</size>
         <input_file_ref idref="fl-e2"/>
      </object_component>
      <object_component id="oc-29f">
         <name>.debug_info</name>
         <load_address>0x18569</load_address>
         <run_address>0x18569</run_address>
         <size>0x124</size>
         <input_file_ref idref="fl-e3"/>
      </object_component>
      <object_component id="oc-30c">
         <name>.debug_info</name>
         <load_address>0x1868d</load_address>
         <run_address>0x1868d</run_address>
         <size>0x2e6</size>
         <input_file_ref idref="fl-e4"/>
      </object_component>
      <object_component id="oc-298">
         <name>.debug_info</name>
         <load_address>0x18973</load_address>
         <run_address>0x18973</run_address>
         <size>0x1c2</size>
         <input_file_ref idref="fl-e4"/>
      </object_component>
      <object_component id="oc-329">
         <name>.debug_info</name>
         <load_address>0x18b35</load_address>
         <run_address>0x18b35</run_address>
         <size>0x28b</size>
         <input_file_ref idref="fl-e5"/>
      </object_component>
      <object_component id="oc-2bf">
         <name>.debug_info</name>
         <load_address>0x18dc0</load_address>
         <run_address>0x18dc0</run_address>
         <size>0x1ab</size>
         <input_file_ref idref="fl-e5"/>
      </object_component>
      <object_component id="oc-310">
         <name>.debug_info</name>
         <load_address>0x18f6b</load_address>
         <run_address>0x18f6b</run_address>
         <size>0x2d9</size>
         <input_file_ref idref="fl-e6"/>
      </object_component>
      <object_component id="oc-2a9">
         <name>.debug_info</name>
         <load_address>0x19244</load_address>
         <run_address>0x19244</run_address>
         <size>0x18a</size>
         <input_file_ref idref="fl-e6"/>
      </object_component>
      <object_component id="oc-311">
         <name>.debug_info</name>
         <load_address>0x193ce</load_address>
         <run_address>0x193ce</run_address>
         <size>0x2c</size>
         <input_file_ref idref="fl-e6"/>
      </object_component>
      <object_component id="oc-320">
         <name>.debug_info</name>
         <load_address>0x193fa</load_address>
         <run_address>0x193fa</run_address>
         <size>0x316</size>
         <input_file_ref idref="fl-e7"/>
      </object_component>
      <object_component id="oc-2ad">
         <name>.debug_info</name>
         <load_address>0x19710</load_address>
         <run_address>0x19710</run_address>
         <size>0x1d5</size>
         <input_file_ref idref="fl-e7"/>
      </object_component>
      <object_component id="oc-a5">
         <name>.debug_info</name>
         <load_address>0x198e5</load_address>
         <run_address>0x198e5</run_address>
         <size>0x145</size>
         <input_file_ref idref="fl-e8"/>
      </object_component>
      <object_component id="oc-322">
         <name>.debug_info</name>
         <load_address>0x19a2a</load_address>
         <run_address>0x19a2a</run_address>
         <size>0x28f</size>
         <input_file_ref idref="fl-e9"/>
      </object_component>
      <object_component id="oc-2b3">
         <name>.debug_info</name>
         <load_address>0x19cb9</load_address>
         <run_address>0x19cb9</run_address>
         <size>0x244</size>
         <input_file_ref idref="fl-e9"/>
      </object_component>
      <object_component id="oc-305">
         <name>.debug_info</name>
         <load_address>0x19efd</load_address>
         <run_address>0x19efd</run_address>
         <size>0x284</size>
         <input_file_ref idref="fl-ea"/>
      </object_component>
      <object_component id="oc-27a">
         <name>.debug_info</name>
         <load_address>0x1a181</load_address>
         <run_address>0x1a181</run_address>
         <size>0x22a</size>
         <input_file_ref idref="fl-ea"/>
      </object_component>
      <object_component id="oc-273">
         <name>.debug_info</name>
         <load_address>0x1a3ab</load_address>
         <run_address>0x1a3ab</run_address>
         <size>0x17d</size>
         <input_file_ref idref="fl-eb"/>
      </object_component>
      <object_component id="oc-31d">
         <name>.debug_info</name>
         <load_address>0x1a528</load_address>
         <run_address>0x1a528</run_address>
         <size>0xf3</size>
         <input_file_ref idref="fl-ec"/>
      </object_component>
      <object_component id="oc-317">
         <name>.debug_info</name>
[...]
      </symbol>
      <symbol id="sm-3bd">
         <name>Default_Handler</name>
         <value>0x5177</value>
         <object_component_ref idref="oc-71"/>
      </symbol>
      <symbol id="sm-3be">
         <name>interruptVectors</name>
         <value>0x0</value>
         <object_component_ref idref="oc-28"/>
      </symbol>
      <symbol id="sm-3db">
         <name>select_element</name>
         <value>0x830c</value>
         <object_component_ref idref="oc-10f"/>
      </symbol>
      <symbol id="sm-3dc">
         <name>up_element</name>
         <value>0x8312</value>
         <object_component_ref idref="oc-118"/>
      </symbol>
      <symbol id="sm-3dd">
         <name>down_element</name>
         <value>0x8306</value>
         <object_component_ref idref="oc-115"/>
      </symbol>
      <symbol id="sm-3de">
         <name>my_keys</name>
         <value>0x82c8</value>
         <object_component_ref idref="oc-102"/>
      </symbol>
      <symbol id="sm-3ee">
         <name>sysTickInit</name>
         <value>0x4e01</value>
         <object_component_ref idref="oc-ea"/>
      </symbol>
      <symbol id="sm-3ef">
         <name>SysTick_delay</name>
         <value>0x4e1d</value>
         <object_component_ref idref="oc-ea"/>
      </symbol>
      <symbol id="sm-436">
         <name>SystemInit</name>
         <value>0x3b55</value>
         <object_component_ref idref="oc-b9"/>
      </symbol>
      <symbol id="sm-437">
         <name>SystemCoreClockUpdate</name>
         <value>0x38e1</value>
         <object_component_ref idref="oc-b9"/>
      </symbol>
      <symbol id="sm-438">
         <name>SystemCoreClock</name>
         <value>0x2000013c</value>
         <object_component_ref idref="oc-14a"/>
      </symbol>
      <symbol id="sm-50a">
         <name>CS_startLFXT</name>
         <value>0x5197</value>
         <object_component_ref idref="oc-d8"/>
      </symbol>
      <symbol id="sm-50b">
         <name>CS_getMCLK</name>
         <value>0x506d</value>
         <object_component_ref idref="oc-160"/>
      </symbol>
      <symbol id="sm-50c">
         <name>CS_clearInterruptFlag</name>
         <value>0x502d</value>
         <object_component_ref idref="oc-2e7"/>
      </symbol>
      <symbol id="sm-50d">
         <name>CS_startHFXT</name>
         <value>0x5191</value>
         <object_component_ref idref="oc-166"/>
      </symbol>
      <symbol id="sm-50e">
         <name>CS_getDCOFrequency</name>
         <value>0x42e9</value>
         <object_component_ref idref="oc-2e1"/>
      </symbol>
      <symbol id="sm-50f">
         <name>CS_setExternalClockSourceFrequency</name>
         <value>0x50cd</value>
         <object_component_ref idref="oc-d2"/>
      </symbol>
      <symbol id="sm-510">
         <name>CS_getSMCLK</name>
         <value>0x5085</value>
         <object_component_ref idref="oc-15a"/>
      </symbol>
      <symbol id="sm-511">
         <name>CS_startHFXTWithTimeout</name>
         <value>0x46b1</value>
         <object_component_ref idref="oc-211"/>
      </symbol>
      <symbol id="sm-512">
         <name>CS_startLFXTWithTimeout</name>
         <value>0x474d</value>
         <object_component_ref idref="oc-176"/>
      </symbol>
      <symbol id="sm-52c">
         <name>RTC_C_convertBCDToBinary</name>
         <value>0x511d</value>
         <object_component_ref idref="oc-18d"/>
      </symbol>
      <symbol id="sm-52d">
         <name>RTC_C_convertBinaryToBCD</name>
         <value>0x512d</value>
         <object_component_ref idref="oc-fc"/>
      </symbol>
      <symbol id="sm-560">
         <name>SysCtl_getNMISourceStatus</name>
         <value>0x5179</value>
         <object_component_ref idref="oc-226"/>
      </symbol>
      <symbol id="sm-561">
         <name>SysCtl_enableNMISource</name>
         <value>0x514d</value>
         <object_component_ref idref="oc-232"/>
      </symbol>
      <symbol id="sm-562">
         <name>SysCtl_disableNMISource</name>
         <value>0x513d</value>
         <object_component_ref idref="oc-22c"/>
      </symbol>
      <symbol id="sm-563">
         <name>SysCtl_getTLVInfo</name>
         <value>0x4db1</value>
         <object_component_ref idref="oc-338"/>
      </symbol>
      <symbol id="sm-575">
         <name>_c_int00</name>
         <value>0x4cb5</value>
         <object_component_ref idref="oc-22"/>
      </symbol>
      <symbol id="sm-576">
         <name>__stack</name>
         <value>0x2000fe00</value>
         <object_component_ref idref="oc-2b"/>
      </symbol>
      <symbol id="sm-594">
         <name>__TI_decompress_lzss</name>
         <value>0x4b89</value>
         <object_component_ref idref="oc-10"/>
      </symbol>
      <symbol id="sm-5ab">
         <name>__TI_decompress_none</name>
         <value>0x515d</value>
         <object_component_ref idref="oc-16"/>
      </symbol>
      <symbol id="sm-5bd">
         <name>__TI_zero_init</name>
         <value>0x5185</value>
         <object_component_ref idref="oc-1c"/>
      </symbol>
      <symbol id="sm-5de">
         <name>C$$EXIT</name>
         <value>0x4d09</value>
         <object_component_ref idref="oc-67"/>
      </symbol>
      <symbol id="sm-5df">
         <name>abort</name>
         <value>0x4d0d</value>
         <object_component_ref idref="oc-67"/>
      </symbol>
      <symbol id="sm-5e0">
         <name>exit</name>
         <value>0x4d15</value>
         <object_component_ref idref="oc-67"/>
      </symbol>
      <symbol id="sm-5e1">
         <name>__TI_dtors_ptr</name>
         <value>0x2000011c</value>
         <object_component_ref idref="oc-ae"/>
      </symbol>
      <symbol id="sm-5e2">
         <name>__TI_cleanup_ptr</name>
         <value>0x20000118</value>
         <object_component_ref idref="oc-ae"/>
      </symbol>
      <symbol id="sm-5e3">
         <name>__TI_enable_exit_profile_output</name>
         <value>0x20000120</value>
         <object_component_ref idref="oc-ae"/>
      </symbol>
      <symbol id="sm-5ee">
         <name>__aeabi_f2d</name>
         <value>0x4fc5</value>
         <object_component_ref idref="oc-185"/>
      </symbol>
      <symbol id="sm-609">
         <name>memcpy</name>
         <value>0x4885</value>
         <object_component_ref idref="oc-37"/>
      </symbol>
      <symbol id="sm-60a">
         <name>__aeabi_memcpy</name>
         <value>0x4885</value>
         <object_component_ref idref="oc-37"/>
      </symbol>
      <symbol id="sm-60b">
         <name>__aeabi_memcpy8</name>
         <value>0x4885</value>
         <object_component_ref idref="oc-37"/>
      </symbol>
      <symbol id="sm-60c">
         <name>__aeabi_memcpy4</name>
         <value>0x4885</value>
         <object_component_ref idref="oc-37"/>
      </symbol>
      <symbol id="sm-61b">
         <name>__aeabi_memset</name>
         <value>0x4a2f</value>
         <object_component_ref idref="oc-43"/>
      </symbol>
      <symbol id="sm-61c">
         <name>memset</name>
         <value>0x4a35</value>
         <object_component_ref idref="oc-43"/>
      </symbol>
      <symbol id="sm-61d">
         <name>__aeabi_memset8</name>
         <value>0x4a2f</value>
         <object_component_ref idref="oc-43"/>
      </symbol>
      <symbol id="sm-61e">
         <name>__aeabi_memset4</name>
         <value>0x4a2f</value>
         <object_component_ref idref="oc-43"/>
      </symbol>
      <symbol id="sm-61f">
         <name>__aeabi_memclr8</name>
         <value>0x4a2d</value>
         <object_component_ref idref="oc-43"/>
      </symbol>
      <symbol id="sm-620">
         <name>__aeabi_memclr4</name>
         <value>0x4a2d</value>
         <object_component_ref idref="oc-43"/>
      </symbol>
      <symbol id="sm-621">
         <name>__aeabi_memclr</name>
         <value>0x4a2d</value>
         <object_component_ref idref="oc-43"/>
      </symbol>
      <symbol id="sm-62b">
         <name>__mpu_init</name>
         <value>0x2643</value>
         <object_component_ref idref="oc-4f"/>
      </symbol>
      <symbol id="sm-635">
         <name>_system_pre_init</name>
         <value>0x519d</value>
         <object_component_ref idref="oc-55"/>
      </symbol>
      <symbol id="sm-64e">
         <name>sprintf</name>
         <value>0x4c55</value>
         <object_component_ref idref="oc-f6"/>
      </symbol>
      <symbol id="sm-656">
         <name>main_func_sp</name>
         <value>0x20000138</value>
         <object_component_ref idref="oc-6d"/>
      </symbol>
      <symbol id="sm-66f">
         <name>_nop</name>
         <value>0x50ef</value>
         <object_component_ref idref="oc-13e"/>
      </symbol>
      <symbol id="sm-670">
         <name>_lock</name>
         <value>0x20000124</value>
         <object_component_ref idref="oc-b1"/>
      </symbol>
      <symbol id="sm-671">
         <name>_unlock</name>
         <value>0x20000128</value>
         <object_component_ref idref="oc-b1"/>
      </symbol>
      <symbol id="sm-672">
         <name>_register_lock</name>
         <value>0x50e7</value>
         <object_component_ref idref="oc-13e"/>
      </symbol>
      <symbol id="sm-673">
         <name>_register_unlock</name>
         <value>0x50e1</value>
         <object_component_ref idref="oc-13e"/>
      </symbol>
      <symbol id="sm-774">
         <name>__TI_printfi</name>
         <value>0x1d49</value>
         <object_component_ref idref="oc-1cd"/>
      </symbol>
      <symbol id="sm-788">
         <name>_args_main</name>
         <value>0x509d</value>
         <object_component_ref idref="oc-61"/>
      </symbol>
      <symbol id="sm-79e">
         <name>atoi</name>
         <value>0x4e9d</value>
         <object_component_ref idref="oc-2b8"/>
      </symbol>
      <symbol id="sm-7c8">
         <name>__TI_auto_init</name>
         <value>0x4b19</value>
         <object_component_ref idref="oc-5b"/>
      </symbol>
      <symbol id="sm-7e2">
         <name>copy_in</name>
         <value>0x4ee9</value>
         <object_component_ref idref="oc-9e"/>
      </symbol>
      <symbol id="sm-7ed">
         <name>_ctypes_</name>
         <value>0x809b</value>
         <object_component_ref idref="oc-323"/>
      </symbol>
      <symbol id="sm-804">
         <name>__aeabi_dsub</name>
         <value>0x3ffd</value>
         <object_component_ref idref="oc-2a1"/>
      </symbol>
      <symbol id="sm-805">
         <name>__aeabi_dadd</name>
         <value>0x4007</value>
         <object_component_ref idref="oc-2a1"/>
      </symbol>
      <symbol id="sm-827">
         <name>__aeabi_cdcmpeq</name>
         <value>0x4921</value>
         <object_component_ref idref="oc-27d"/>
      </symbol>
      <symbol id="sm-828">
         <name>__aeabi_cdcmple</name>
         <value>0x4921</value>
         <object_component_ref idref="oc-27d"/>
      </symbol>
      <symbol id="sm-829">
         <name>__aeabi_cdrcmple</name>
         <value>0x49a7</value>
         <object_component_ref idref="oc-28c"/>
      </symbol>
      <symbol id="sm-83d">
         <name>__aeabi_ddiv</name>
         <value>0x41b3</value>
         <object_component_ref idref="oc-287"/>
      </symbol>
      <symbol id="sm-848">
         <name>__aeabi_dmul</name>
         <value>0x43ed</value>
         <object_component_ref idref="oc-282"/>
      </symbol>
      <symbol id="sm-852">
         <name>__aeabi_d2iz</name>
         <value>0x4f7d</value>
         <object_component_ref idref="oc-291"/>
      </symbol>
      <symbol id="sm-85c">
         <name>__aeabi_i2d</name>
         <value>0x4ffd</value>
         <object_component_ref idref="oc-29c"/>
      </symbol>
      <symbol id="sm-86b">
         <name>ltoa</name>
         <value>0x4d5d</value>
         <object_component_ref idref="oc-296"/>
      </symbol>
      <symbol id="sm-87b">
         <name>memccpy</name>
         <value>0x5051</value>
         <object_component_ref idref="oc-2be"/>
      </symbol>
      <symbol id="sm-896">
         <name>frexpl</name>
         <value>0x4bf1</value>
         <object_component_ref idref="oc-2a6"/>
      </symbol>
      <symbol id="sm-897">
         <name>frexp</name>
         <value>0x4bf1</value>
         <object_component_ref idref="oc-2a6"/>
      </symbol>
      <symbol id="sm-8b4">
         <name>scalbn</name>
         <value>0x44e9</value>
         <object_component_ref idref="oc-2ac"/>
      </symbol>
      <symbol id="sm-8b5">
         <name>scalbnl</name>
         <value>0x44e9</value>
         <object_component_ref idref="oc-2ac"/>
      </symbol>
      <symbol id="sm-8b6">
         <name>ldexpl</name>
         <value>0x44e9</value>
         <object_component_ref idref="oc-2ac"/>
      </symbol>
      <symbol id="sm-8b7">
         <name>ldexp</name>
         <value>0x44e9</value>
         <object_component_ref idref="oc-2ac"/>
      </symbol>
      <symbol id="sm-8c1">
         <name>_system_post_cinit</name>
         <value>0x4aa7</value>
         <object_component_ref idref="oc-a4"/>
      </symbol>
      <symbol id="sm-8d1">
         <name>strchr</name>
         <value>0x50b5</value>
         <object_component_ref idref="oc-2b2"/>
      </symbol>
      <symbol id="sm-8df">
         <name>strlen</name>
         <value>0x5109</value>
         <object_component_ref idref="oc-277"/>
      </symbol>
      <symbol id="sm-8fb">
         <name>__aeabi_uldivmod</name>
         <value>0x3e09</value>
         <object_component_ref idref="oc-272"/>
      </symbol>
      <symbol id="sm-903">
         <name>errno</name>
         <value>0x20000134</value>
         <object_component_ref idref="oc-31c"/>
      </symbol>
      <symbol id="sm-90d">
         <name>copysign</name>
         <value>0x50f5</value>
         <object_component_ref idref="oc-316"/>
      </symbol>
      <symbol id="sm-90e">
         <name>copysignl</name>
         <value>0x50f5</value>
         <object_component_ref idref="oc-316"/>
      </symbol>
      <symbol id="sm-90f">
         <name>__TI_static_base__</name>
         <value>0x0</value>
      </symbol>
      <symbol id="sm-912">
         <name>SHT$$INIT_ARRAY$$Limit</name>
         <value>0x0</value>
      </symbol>
      <symbol id="sm-913">
         <name>SHT$$INIT_ARRAY$$Base</name>
         <value>0x0</value>
      </symbol>
      <symbol id="sm-914">
         <name>NMI_Handler</name>
         <value>0x5177</value>
      </symbol>
      <symbol id="sm-915">
         <name>HardFault_Handler</name>
         <value>0x5177</value>
      </symbol>
      <symbol id="sm-916">
         <name>MemManage_Handler</name>
         <value>0x5177</value>
      </symbol>
      <symbol id="sm-917">
         <name>BusFault_Handler</name>
         <value>0x5177</value>
      </symbol>
      <symbol id="sm-918">
         <name>UsageFault_Handler</name>
         <value>0x5177</value>
      </symbol>
      <symbol id="sm-919">
         <name>SVC_Handler</name>
         <value>0x5177</value>
      </symbol>
      <symbol id="sm-91a">
         <name>DebugMon_Handler</name>
         <value>0x5177</value>
      </symbol>
      <symbol id="sm-91b">
         <name>PendSV_Handler</name>
         <value>0x5177</value>
      </symbol>
      <symbol id="sm-91c">
         <name>SysTick_Handler</name>
         <value>0x5177</value>
      </symbol>
      <symbol id="sm-91d">
         <name>PSS_IRQHandler</name>
         <value>0x5177</value>
      </symbol>
      <symbol id="sm-91e">
         <name>CS_IRQHandler</name>
         <value>0x5177</value>
      </symbol>
      <symbol id="sm-91f">
         <name>PCM_IRQHandler</name>
         <value>0x5177</value>
      </symbol>
      <symbol id="sm-920">
         <name>WDT_A_IRQHandler</name>
         <value>0x3ddd</value>
      </symbol>
      <symbol id="sm-921">
         <name>FPU_IRQHandler</name>
         <value>0x5177</value>
      </symbol>
      <symbol id="sm-922">
         <name>FLCTL_IRQHandler</name>
         <value>0x5177</value>
      </symbol>
      <symbol id="sm-923">
         <name>COMP_E0_IRQHandler</name>
         <value>0x5177</value>
      </symbol>
      <symbol id="sm-924">
         <name>COMP_E1_IRQHandler</name>
         <value>0x5177</value>
      </symbol>
      <symbol id="sm-925">
         <name>TA0_0_IRQHandler</name>
         <value>0x5177</value>
      </symbol>
      <symbol id="sm-926">
         <name>TA0_N_IRQHandler</name>
         <value>0x5177</value>
      </symbol>
      <symbol id="sm-927">
         <name>TA1_0_IRQHandler</name>
         <value>0x5177</value>
      </symbol>
      <symbol id="sm-928">
         <name>TA1_N_IRQHandler</name>
         <value>0x5177</value>
      </symbol>
      <symbol id="sm-929">
         <name>TA2_0_IRQHandler</name>
         <value>0x5177</value>
      </symbol>
      <symbol id="sm-92a">
         <name>TA2_N_IRQHandler</name>
         <value>0x5177</value>
      </symbol>
      <symbol id="sm-92b">
         <name>TA3_0_IRQHandler</name>
         <value>0x5177</value>
      </symbol>
      <symbol id="sm-92c">
         <name>TA3_N_IRQHandler</name>
         <value>0x5177</value>
      </symbol>
      <symbol id="sm-92d">
         <name>EUSCIA0_IRQHandler</name>
         <value>0x5177</value>
      </symbol>
      <symbol id="sm-92e">
         <name>EUSCIA1_IRQHandler</name>
         <value>0x5177</value>
      </symbol>
      <symbol id="sm-92f">
         <name>EUSCIA2_IRQHandler</name>
         <value>0x5177</value>
      </symbol>
      <symbol id="sm-930">
         <name>EUSCIA3_IRQHandler</name>
         <value>0x5177</value>
      </symbol>
      <symbol id="sm-931">
         <name>EUSCIB0_IRQHandler</name>
         <value>0x5177</value>
      </symbol>
      <symbol id="sm-932">
         <name>EUSCIB1_IRQHandler</name>
         <value>0x5177</value>
      </symbol>
      <symbol id="sm-933">
         <name>EUSCIB2_IRQHandler</name>
         <value>0x5177</value>
      </symbol>
      <symbol id="sm-934">
         <name>EUSCIB3_IRQHandler</name>
         <value>0x5177</value>
      </symbol>
      <symbol id="sm-935">
         <name>ADC14_IRQHandler</name>
         <value>0x5177</value>
      </symbol>
      <symbol id="sm-936">
         <name>T32_INT1_IRQHandler</name>
         <value>0x5177</value>
      </symbol>
      <symbol id="sm-937">
         <name>T32_INT2_IRQHandler</name>
         <value>0x5177</value>
      </symbol>
      <symbol id="sm-938">
         <name>T32_INTC_IRQHandler</name>
         <value>0x5177</value>
      </symbol>
      <symbol id="sm-939">
         <name>AES256_IRQHandler</name>
         <value>0x5177</value>
      </symbol>
      <symbol id="sm-93a">
         <name>RTC_C_IRQHandler</name>
         <value>0x3845</value>
      </symbol>
      <symbol id="sm-93b">
         <name>DMA_ERR_IRQHandler</name>
         <value>0x5177</value>
      </symbol>
      <symbol id="sm-93c">
         <name>DMA_INT3_IRQHandler</name>
         <value>0x5177</value>
      </symbol>
      <symbol id="sm-93d">
         <name>DMA_INT2_IRQHandler</name>
         <value>0x5177</value>
      </symbol>
      <symbol id="sm-93e">
         <name>DMA_INT1_IRQHandler</name>
         <value>0x5177</value>
      </symbol>
      <symbol id="sm-93f">
         <name>DMA_INT0_IRQHandler</name>
         <value>0x5177</value>
      </symbol>
      <symbol id="sm-940">
         <name>PORT1_IRQHandler</name>
         <value>0x5177</value>
      </symbol>
      <symbol id="sm-941">
         <name>PORT2_IRQHandler</name>
         <value>0x5177</value>
      </symbol>
      <symbol id="sm-942">
         <name>PORT3_IRQHandler</name>
         <value>0x5177</value>
      </symbol>
      <symbol id="sm-943">
         <name>PORT4_IRQHandler</name>
         <value>0x5177</value>
      </symbol>
      <symbol id="sm-944">
         <name>PORT5_IRQHandler</name>
         <value>0x5177</value>
      </symbol>
      <symbol id="sm-945">
         <name>PORT6_IRQHandler</name>
         <value>0x5177</value>
      </symbol>
   </symbol_table>
   <title>Link successful</title>
</link_info>
